ARM Linker, 5.03 [Build 24] [MDK-ARM Professional]

==============================================================================

Section Cross References

    main.o(.text) refers to delay.o(.text) for delay_init
    main.o(.text) refers to sys.o(.text) for NVIC_Configuration
    main.o(.text) refers to usart.o(.text) for uart_init
    main.o(.text) refers to led.o(.text) for LED_Init
    main.o(.text) refers to tpad.o(.text) for TPAD_Init
    main.o(.text) refers to lcd.o(.text) for LCD_Init
    main.o(.text) refers to key.o(.text) for KEY_Init
    main.o(.text) refers to audiosel.o(.text) for Audiosel_Init
    main.o(.text) refers to malloc.o(.text) for mem_init
    main.o(.text) refers to vs10xx.o(.text) for VS_Init
    main.o(.text) refers to exfuns.o(.text) for exfuns_init
    main.o(.text) refers to ff.o(.text) for f_mount
    main.o(.text) refers to fontupd.o(.text) for font_init
    main.o(.text) refers to text.o(.text) for Show_Str
    main.o(.text) refers to recorder.o(.text) for recoder_play
    main.o(.text) refers to usmart_config.o(.data) for usmart_dev
    main.o(.text) refers to exfuns.o(.data) for fs
    main.o(.text) refers to lcd.o(.data) for POINT_COLOR
    system_stm32f10x.o(.text) refers to system_stm32f10x.o(.data) for SystemCoreClock
    led.o(.text) refers to stm32f10x_rcc.o(.text) for RCC_APB2PeriphClockCmd
    led.o(.text) refers to stm32f10x_gpio.o(.text) for GPIO_Init
    key.o(.text) refers to stm32f10x_rcc.o(.text) for RCC_APB2PeriphClockCmd
    key.o(.text) refers to stm32f10x_gpio.o(.text) for GPIO_Init
    key.o(.text) refers to delay.o(.text) for delay_ms
    key.o(.text) refers to key.o(.data) for key_up
    tpad.o(.text) refers to _printf_percent.o(.ARM.Collect$$_printf_percent$$00000000) for _printf_percent
    tpad.o(.text) refers to _printf_d.o(.ARM.Collect$$_printf_percent$$00000009) for _printf_d
    tpad.o(.text) refers to _printf_dec.o(.text) for _printf_int_dec
    tpad.o(.text) refers to stm32f10x_rcc.o(.text) for RCC_APB2PeriphClockCmd
    tpad.o(.text) refers to stm32f10x_gpio.o(.text) for GPIO_Init
    tpad.o(.text) refers to delay.o(.text) for delay_ms
    tpad.o(.text) refers to stm32f10x_tim.o(.text) for TIM_SetCounter
    tpad.o(.text) refers to noretval__2printf.o(.text) for __2printf
    tpad.o(.text) refers to system_stm32f10x.o(.data) for SystemCoreClock
    tpad.o(.text) refers to tpad.o(.data) for tpad_default_val
    lcd.o(.text) refers to _printf_percent.o(.ARM.Collect$$_printf_percent$$00000000) for _printf_percent
    lcd.o(.text) refers to _printf_x.o(.ARM.Collect$$_printf_percent$$0000000C) for _printf_x
    lcd.o(.text) refers to _printf_hex_int.o(.text) for _printf_longlong_hex
    lcd.o(.text) refers to delay.o(.text) for delay_us
    lcd.o(.text) refers to lcd.o(.bss) for lcddev
    lcd.o(.text) refers to lcd.o(.data) for POINT_COLOR
    lcd.o(.text) refers to stm32f10x_rcc.o(.text) for RCC_AHBPeriphClockCmd
    lcd.o(.text) refers to stm32f10x_gpio.o(.text) for GPIO_Init
    lcd.o(.text) refers to stm32f10x_fsmc.o(.text) for FSMC_NORSRAMInit
    lcd.o(.text) refers to noretval__2printf.o(.text) for __2printf
    lcd.o(.text) refers to lcd.o(.constdata) for asc2_1206
    spi.o(.text) refers to stm32f10x_spi.o(.text) for SPI_I2S_GetFlagStatus
    spi.o(.text) refers to stm32f10x_rcc.o(.text) for RCC_APB2PeriphClockCmd
    spi.o(.text) refers to stm32f10x_gpio.o(.text) for GPIO_Init
    flash.o(.text) refers to spi.o(.text) for SPI2_ReadWriteByte
    flash.o(.text) refers to stm32f10x_rcc.o(.text) for RCC_APB2PeriphClockCmd
    flash.o(.text) refers to stm32f10x_gpio.o(.text) for GPIO_Init
    flash.o(.text) refers to delay.o(.text) for delay_us
    flash.o(.text) refers to flash.o(.data) for SPI_FLASH_TYPE
    flash.o(.text) refers to flash.o(.bss) for SPI_FLASH_BUF
    sram.o(.text) refers to stm32f10x_rcc.o(.text) for RCC_APB2PeriphClockCmd
    sram.o(.text) refers to stm32f10x_gpio.o(.text) for GPIO_Init
    sram.o(.text) refers to stm32f10x_fsmc.o(.text) for FSMC_NORSRAMInit
    mmc_sd.o(.text) refers to spi.o(.text) for SPI2_ReadWriteByte
    mmc_sd.o(.text) refers to stm32f10x_rcc.o(.text) for RCC_APB2PeriphClockCmd
    mmc_sd.o(.text) refers to stm32f10x_gpio.o(.text) for GPIO_Init
    mmc_sd.o(.text) refers to mmc_sd.o(.data) for SD_Type
    vs10xx.o(.text) refers to spi.o(.text) for SPI1_ReadWriteByte
    vs10xx.o(.text) refers to stm32f10x_rcc.o(.text) for RCC_APB2PeriphClockCmd
    vs10xx.o(.text) refers to stm32f10x_gpio.o(.text) for GPIO_Init
    vs10xx.o(.text) refers to delay.o(.text) for delay_ms
    vs10xx.o(.text) refers to vs10xx.o(.constdata) for bitrate
    vs10xx.o(.text) refers to vs10xx.o(.data) for vsset
    audiosel.o(.text) refers to stm32f10x_rcc.o(.text) for RCC_APB2PeriphClockCmd
    audiosel.o(.text) refers to stm32f10x_gpio.o(.text) for GPIO_Init
    delay.o(.text) refers to misc.o(.text) for SysTick_CLKSourceConfig
    delay.o(.text) refers to system_stm32f10x.o(.data) for SystemCoreClock
[...]
    __rt_lib_init_getenv_1                   0x08000209   Thumb Code     0  libinit2.o(.ARM.Collect$$libinit$$00000021)
    __rt_lib_init_heap_1                     0x08000209   Thumb Code     0  libinit2.o(.ARM.Collect$$libinit$$00000008)
    __rt_lib_init_lc_collate_1               0x08000209   Thumb Code     0  libinit2.o(.ARM.Collect$$libinit$$0000000F)
    __rt_lib_init_lc_ctype_1                 0x08000209   Thumb Code     0  libinit2.o(.ARM.Collect$$libinit$$00000011)
    __rt_lib_init_lc_monetary_1              0x08000209   Thumb Code     0  libinit2.o(.ARM.Collect$$libinit$$00000013)
    __rt_lib_init_lc_numeric_1               0x08000209   Thumb Code     0  libinit2.o(.ARM.Collect$$libinit$$00000015)
    __rt_lib_init_lc_time_1                  0x08000209   Thumb Code     0  libinit2.o(.ARM.Collect$$libinit$$00000017)
    __rt_lib_init_rand_1                     0x08000209   Thumb Code     0  libinit2.o(.ARM.Collect$$libinit$$0000000C)
    __rt_lib_init_return                     0x08000209   Thumb Code     0  libinit2.o(.ARM.Collect$$libinit$$00000031)
    __rt_lib_init_signal_1                   0x08000209   Thumb Code     0  libinit2.o(.ARM.Collect$$libinit$$0000001B)
    __rt_lib_init_stdio_1                    0x08000209   Thumb Code     0  libinit2.o(.ARM.Collect$$libinit$$00000023)
    __rt_lib_init_user_alloc_1               0x08000209   Thumb Code     0  libinit2.o(.ARM.Collect$$libinit$$0000000A)
    __rt_lib_shutdown                        0x0800020b   Thumb Code     0  libshutdown.o(.ARM.Collect$$libshutdown$$00000000)
    __rt_lib_shutdown_fp_trap_1              0x0800020d   Thumb Code     0  libshutdown2.o(.ARM.Collect$$libshutdown$$00000006)
    __rt_lib_shutdown_heap_1                 0x0800020d   Thumb Code     0  libshutdown2.o(.ARM.Collect$$libshutdown$$0000000E)
    __rt_lib_shutdown_return                 0x0800020d   Thumb Code     0  libshutdown2.o(.ARM.Collect$$libshutdown$$0000000F)
    __rt_lib_shutdown_signal_1               0x0800020d   Thumb Code     0  libshutdown2.o(.ARM.Collect$$libshutdown$$00000009)
    __rt_lib_shutdown_stdio_1                0x0800020d   Thumb Code     0  libshutdown2.o(.ARM.Collect$$libshutdown$$00000003)
    __rt_lib_shutdown_user_alloc_1           0x0800020d   Thumb Code     0  libshutdown2.o(.ARM.Collect$$libshutdown$$0000000B)
    __rt_entry                               0x0800020f   Thumb Code     0  rtentry.o(.ARM.Collect$$rtentry$$00000000)
    __rt_entry_presh_1                       0x0800020f   Thumb Code     0  rtentry2.o(.ARM.Collect$$rtentry$$00000002)
    __rt_entry_sh                            0x0800020f   Thumb Code     0  rtentry4.o(.ARM.Collect$$rtentry$$00000004)
    __rt_entry_li                            0x08000215   Thumb Code     0  rtentry2.o(.ARM.Collect$$rtentry$$0000000A)
    __rt_entry_postsh_1                      0x08000215   Thumb Code     0  rtentry2.o(.ARM.Collect$$rtentry$$00000009)
    __rt_entry_main                          0x08000219   Thumb Code     0  rtentry2.o(.ARM.Collect$$rtentry$$0000000D)
    __rt_entry_postli_1                      0x08000219   Thumb Code     0  rtentry2.o(.ARM.Collect$$rtentry$$0000000C)
    __rt_exit                                0x08000221   Thumb Code     0  rtexit.o(.ARM.Collect$$rtexit$$00000000)
    __rt_exit_ls                             0x08000223   Thumb Code     0  rtexit2.o(.ARM.Collect$$rtexit$$00000003)
    __rt_exit_prels_1                        0x08000223   Thumb Code     0  rtexit2.o(.ARM.Collect$$rtexit$$00000002)
    __rt_exit_exit                           0x08000227   Thumb Code     0  rtexit2.o(.ARM.Collect$$rtexit$$00000004)
    main                                     0x0800022d   Thumb Code   446  main.o(.text)
    NMI_Handler                              0x080004d1   Thumb Code     2  stm32f10x_it.o(.text)
    HardFault_Handler                        0x080004d3   Thumb Code     4  stm32f10x_it.o(.text)
    MemManage_Handler                        0x080004d7   Thumb Code     4  stm32f10x_it.o(.text)
    BusFault_Handler                         0x080004db   Thumb Code     4  stm32f10x_it.o(.text)
    UsageFault_Handler                       0x080004df   Thumb Code     4  stm32f10x_it.o(.text)
    SVC_Handler                              0x080004e3   Thumb Code     2  stm32f10x_it.o(.text)
    DebugMon_Handler                         0x080004e5   Thumb Code     2  stm32f10x_it.o(.text)
    PendSV_Handler                           0x080004e7   Thumb Code     2  stm32f10x_it.o(.text)
    SysTick_Handler                          0x080004e9   Thumb Code     2  stm32f10x_it.o(.text)
    SystemInit                               0x080005c9   Thumb Code    78  system_stm32f10x.o(.text)
    SystemCoreClockUpdate                    0x08000617   Thumb Code   142  system_stm32f10x.o(.text)
    LED_Init                                 0x080006c9   Thumb Code    68  led.o(.text)
    KEY_Init                                 0x08000715   Thumb Code    52  key.o(.text)
    KEY_Scan                                 0x08000749   Thumb Code   188  key.o(.text)
    TPAD_Reset                               0x08000811   Thumb Code    82  tpad.o(.text)
    TPAD_Get_Val                             0x08000863   Thumb Code    50  tpad.o(.text)
    TIM5_CH2_Cap_Init                        0x08000895   Thumb Code   126  tpad.o(.text)
    TPAD_Init                                0x08000913   Thumb Code   170  tpad.o(.text)
    TPAD_Get_MaxVal                          0x080009bd   Thumb Code    36  tpad.o(.text)
    TPAD_Scan                                0x080009e1   Thumb Code   108  tpad.o(.text)
    LCD_WR_REG                               0x08000a7d   Thumb Code     6  lcd.o(.text)
    LCD_WR_DATA                              0x08000a83   Thumb Code     8  lcd.o(.text)
    LCD_RD_DATA                              0x08000a8b   Thumb Code     8  lcd.o(.text)
    LCD_WriteReg                             0x08000a93   Thumb Code    10  lcd.o(.text)
    LCD_ReadReg                              0x08000a9d   Thumb Code    22  lcd.o(.text)
    LCD_WriteRAM_Prepare                     0x08000ab3   Thumb Code    10  lcd.o(.text)
    LCD_WriteRAM                             0x08000abd   Thumb Code     8  lcd.o(.text)
    LCD_BGR2RGB                              0x08000ac5   Thumb Code    26  lcd.o(.text)
    opt_delay                                0x08000adf   Thumb Code    14  lcd.o(.text)
    LCD_SetCursor                            0x08000aed   Thumb Code   262  lcd.o(.text)
    LCD_ReadPoint                            0x08000bf3   Thumb Code   360  lcd.o(.text)
    LCD_DisplayOn                            0x08000d5b   Thumb Code    80  lcd.o(.text)
    LCD_DisplayOff                           0x08000dab   Thumb Code    78  lcd.o(.text)
    LCD_Scan_Dir                             0x08000df9   Thumb Code   718  lcd.o(.text)
    LCD_DrawPoint                            0x080010c7   Thumb Code    28  lcd.o(.text)
    LCD_Fast_DrawPoint                       0x080010e3   Thumb Code   278  lcd.o(.text)
    LCD_Display_Dir                          0x080011f9   Thumb Code   434  lcd.o(.text)
    LCD_Set_Window                           0x080013ab   Thumb Code   420  lcd.o(.text)
    LCD_Clear                                0x0800154f   Thumb Code   100  lcd.o(.text)
    LCD_Init                                 0x080015b3   Thumb Code 14090  lcd.o(.text)
    LCD_Fill                                 0x08004cbd   Thumb Code   178  lcd.o(.text)
    LCD_Color_Fill                           0x08004d6f   Thumb Code   102  lcd.o(.text)
    LCD_DrawLine                             0x08004dd5   Thumb Code   176  lcd.o(.text)
    LCD_DrawRectangle                        0x08004e85   Thumb Code    60  lcd.o(.text)
    Draw_Circle                              0x08004ec1   Thumb Code   152  lcd.o(.text)
    LCD_ShowChar                             0x08004f59   Thumb Code   340  lcd.o(.text)
    LCD_Pow                                  0x080050ad   Thumb Code    22  lcd.o(.text)
    LCD_ShowNum                              0x080050c3   Thumb Code   148  lcd.o(.text)
    LCD_ShowxNum                             0x08005157   Thumb Code   218  lcd.o(.text)
    LCD_ShowString                           0x08005231   Thumb Code   102  lcd.o(.text)
    SPI2_ReadWriteByte                       0x08005299   Thumb Code    78  spi.o(.text)
    SPI1_Init                                0x080052e7   Thumb Code   130  spi.o(.text)
    SPI2_Init                                0x08005369   Thumb Code   140  spi.o(.text)
    SPI2_SetSpeed                            0x080053f5   Thumb Code    36  spi.o(.text)
    SPI1_SetSpeed                            0x08005419   Thumb Code    36  spi.o(.text)
    SPI1_ReadWriteByte                       0x0800543d   Thumb Code    78  spi.o(.text)
    SPI_Flash_ReadID                         0x0800549d   Thumb Code    66  flash.o(.text)
    SPI_Flash_Init                           0x080054df   Thumb Code   114  flash.o(.text)
    SPI_Flash_ReadSR                         0x08005551   Thumb Code    38  flash.o(.text)
    SPI_FLASH_Write_SR                       0x08005577   Thumb Code    34  flash.o(.text)
    SPI_FLASH_Write_Enable                   0x08005599   Thumb Code    26  flash.o(.text)
    SPI_FLASH_Write_Disable                  0x080055b3   Thumb Code    26  flash.o(.text)
    SPI_Flash_Read                           0x080055cd   Thumb Code    76  flash.o(.text)
    SPI_Flash_Wait_Busy                      0x08005619   Thumb Code    16  flash.o(.text)
    SPI_Flash_Write_Page                     0x08005629   Thumb Code    82  flash.o(.text)
    SPI_Flash_Write_NoCheck                  0x0800567b   Thumb Code    70  flash.o(.text)
    SPI_Flash_Erase_Sector                   0x080056c1   Thumb Code    64  flash.o(.text)
    SPI_Flash_Write                          0x08005701   Thumb Code   176  flash.o(.text)
    SPI_Flash_Erase_Chip                     0x080057b1   Thumb Code    38  flash.o(.text)
    SPI_Flash_PowerDown                      0x080057d7   Thumb Code    32  flash.o(.text)
    SPI_Flash_WAKEUP                         0x080057f7   Thumb Code    32  flash.o(.text)
    SD_SPI_ReadWriteByte                     0x08005835   Thumb Code    12  mmc_sd.o(.text)
    SD_SPI_SpeedLow                          0x08005841   Thumb Code    10  mmc_sd.o(.text)
    SD_SPI_SpeedHigh                         0x0800584b   Thumb Code    10  mmc_sd.o(.text)
    SD_SPI_Init                              0x08005855   Thumb Code   106  mmc_sd.o(.text)
    SD_DisSelect                             0x080058bf   Thumb Code    18  mmc_sd.o(.text)
    SD_WaitReady                             0x080058d1   Thumb Code    34  mmc_sd.o(.text)
    SD_Select                                0x080058f3   Thumb Code    26  mmc_sd.o(.text)
    SD_GetResponse                           0x0800590d   Thumb Code    38  mmc_sd.o(.text)
    SD_RecvData                              0x08005933   Thumb Code    56  mmc_sd.o(.text)
    SD_SendBlock                             0x0800596b   Thumb Code    82  mmc_sd.o(.text)
    SD_SendCmd                               0x080059bd   Thumb Code   120  mmc_sd.o(.text)
    SD_GetCID                                0x08005a35   Thumb Code    42  mmc_sd.o(.text)
    SD_GetCSD                                0x08005a5f   Thumb Code    42  mmc_sd.o(.text)
    SD_GetSectorCount                        0x08005a89   Thumb Code   118  mmc_sd.o(.text)
    SD_Initialize                            0x08005aff   Thumb Code   408  mmc_sd.o(.text)
    SD_ReadDisk                              0x08005c97   Thumb Code   112  mmc_sd.o(.text)
    SD_WriteDisk                             0x08005d07   Thumb Code   140  mmc_sd.o(.text)
    VS_SPI_ReadWriteByte                     0x08005d99   Thumb Code    12  vs10xx.o(.text)
    VS_SPI_SpeedLow                          0x08005da5   Thumb Code    10  vs10xx.o(.text)
    VS_SPI_SpeedHigh                         0x08005daf   Thumb Code    10  vs10xx.o(.text)
    VS_Init                                  0x08005db9   Thumb Code    84  vs10xx.o(.text)
    VS_WR_Cmd                                0x08005e0d   Thumb Code    74  vs10xx.o(.text)
    VS_RD_Reg                                0x08005e57   Thumb Code    90  vs10xx.o(.text)
    VS_Soft_Reset                            0x08005eb1   Thumb Code   128  vs10xx.o(.text)
    VS_HD_Reset                              0x08005f31   Thumb Code    76  vs10xx.o(.text)
    VS_Sine_Test                             0x08005f7d   Thumb Code   318  vs10xx.o(.text)
    VS_Ram_Test                              0x080060bb   Thumb Code   108  vs10xx.o(.text)
    VS_WR_Data                               0x08006127   Thumb Code    30  vs10xx.o(.text)
    VS_WRAM_Read                             0x08006145   Thumb Code    24  vs10xx.o(.text)
    VS_Set_Speed                             0x0800615d   Thumb Code    36  vs10xx.o(.text)
    VS_Get_HeadInfo                          0x08006181   Thumb Code   204  vs10xx.o(.text)
    VS_Get_ByteRate                          0x0800624d   Thumb Code    12  vs10xx.o(.text)
    VS_Get_EndFillByte                       0x08006259   Thumb Code    12  vs10xx.o(.text)
    VS_Send_MusicData                        0x08006265   Thumb Code    50  vs10xx.o(.text)
    VS_Restart_Play                          0x08006297   Thumb Code   180  vs10xx.o(.text)
    VS_Reset_DecodeTime                      0x0800634b   Thumb Code    20  vs10xx.o(.text)
    VS_Get_DecodeTime                        0x0800635f   Thumb Code    16  vs10xx.o(.text)
    VS_Load_Patch                            0x0800636f   Thumb Code   112  vs10xx.o(.text)
    VS_Set_Vol                               0x080063df   Thumb Code    38  vs10xx.o(.text)
    VS_Set_Bass                              0x08006405   Thumb Code   102  vs10xx.o(.text)
    VS_Set_Effect                            0x0800646b   Thumb Code    54  vs10xx.o(.text)
    VS_Set_All                               0x080064a1   Thumb Code    34  vs10xx.o(.text)
    Audiosel_Init                            0x080064d5   Thumb Code    52  audiosel.o(.text)
    Audiosel_Set                             0x08006509   Thumb Code    20  audiosel.o(.text)
    delay_init                               0x0800652d   Thumb Code    50  delay.o(.text)
    delay_us                                 0x0800655f   Thumb Code    70  delay.o(.text)
    delay_ms                                 0x080065a5   Thumb Code    70  delay.o(.text)
    NVIC_Configuration                       0x080065fd   Thumb Code    12  sys.o(.text)
    _sys_exit                                0x08006609   Thumb Code     6  usart.o(.text)
    fputc                                    0x0800660f   Thumb Code    22  usart.o(.text)
    uart_init                                0x08006625   Thumb Code   152  usart.o(.text)
    USART1_IRQHandler                        0x080066bd   Thumb Code   122  usart.o(.text)
    Reset_Handler                            0x08006749   Thumb Code     8  startup_stm32f10x_hd.o(.text)
    ADC1_2_IRQHandler                        0x08006763   Thumb Code     0  startup_stm32f10x_hd.o(.text)
    ADC3_IRQHandler                          0x08006763   Thumb Code     0  startup_stm32f10x_hd.o(.text)
    CAN1_RX1_IRQHandler                      0x08006763   Thumb Code     0  startup_stm32f10x_hd.o(.text)
    CAN1_SCE_IRQHandler                      0x08006763   Thumb Code     0  startup_stm32f10x_hd.o(.text)
    DMA1_Channel1_IRQHandler                 0x08006763   Thumb Code     0  startup_stm32f10x_hd.o(.text)
    DMA1_Channel2_IRQHandler                 0x08006763   Thumb Code     0  startup_stm32f10x_hd.o(.text)
    DMA1_Channel3_IRQHandler                 0x08006763   Thumb Code     0  startup_stm32f10x_hd.o(.text)
    DMA1_Channel4_IRQHandler                 0x08006763   Thumb Code     0  startup_stm32f10x_hd.o(.text)
    DMA1_Channel5_IRQHandler                 0x08006763   Thumb Code     0  startup_stm32f10x_hd.o(.text)
    DMA1_Channel6_IRQHandler                 0x08006763   Thumb Code     0  startup_stm32f10x_hd.o(.text)
    DMA1_Channel7_IRQHandler                 0x08006763   Thumb Code     0  startup_stm32f10x_hd.o(.text)
    DMA2_Channel1_IRQHandler                 0x08006763   Thumb Code     0  startup_stm32f10x_hd.o(.text)
    DMA2_Channel2_IRQHandler                 0x08006763   Thumb Code     0  startup_stm32f10x_hd.o(.text)
    DMA2_Channel3_IRQHandler                 0x08006763   Thumb Code     0  startup_stm32f10x_hd.o(.text)
    DMA2_Channel4_5_IRQHandler               0x08006763   Thumb Code     0  startup_stm32f10x_hd.o(.text)
    EXTI0_IRQHandler                         0x08006763   Thumb Code     0  startup_stm32f10x_hd.o(.text)
    EXTI15_10_IRQHandler                     0x08006763   Thumb Code     0  startup_stm32f10x_hd.o(.text)
    EXTI1_IRQHandler                         0x08006763   Thumb Code     0  startup_stm32f10x_hd.o(.text)
    EXTI2_IRQHandler                         0x08006763   Thumb Code     0  startup_stm32f10x_hd.o(.text)
    EXTI3_IRQHandler                         0x08006763   Thumb Code     0  startup_stm32f10x_hd.o(.text)
    EXTI4_IRQHandler                         0x08006763   Thumb Code     0  startup_stm32f10x_hd.o(.text)
    EXTI9_5_IRQHandler                       0x08006763   Thumb Code     0  startup_stm32f10x_hd.o(.text)
    FLASH_IRQHandler                         0x08006763   Thumb Code     0  startup_stm32f10x_hd.o(.text)
    FSMC_IRQHandler                          0x08006763   Thumb Code     0  startup_stm32f10x_hd.o(.text)
    I2C1_ER_IRQHandler                       0x08006763   Thumb Code     0  startup_stm32f10x_hd.o(.text)
    I2C1_EV_IRQHandler                       0x08006763   Thumb Code     0  startup_stm32f10x_hd.o(.text)
    I2C2_ER_IRQHandler                       0x08006763   Thumb Code     0  startup_stm32f10x_hd.o(.text)
    I2C2_EV_IRQHandler                       0x08006763   Thumb Code     0  startup_stm32f10x_hd.o(.text)
    PVD_IRQHandler                           0x08006763   Thumb Code     0  startup_stm32f10x_hd.o(.text)
    RCC_IRQHandler                           0x08006763   Thumb Code     0  startup_stm32f10x_hd.o(.text)
    RTCAlarm_IRQHandler                      0x08006763   Thumb Code     0  startup_stm32f10x_hd.o(.text)
    RTC_IRQHandler                           0x08006763   Thumb Code     0  startup_stm32f10x_hd.o(.text)
    SDIO_IRQHandler                          0x08006763   Thumb Code     0  startup_stm32f10x_hd.o(.text)
    SPI1_IRQHandler                          0x08006763   Thumb Code     0  startup_stm32f10x_hd.o(.text)
    SPI2_IRQHandler                          0x08006763   Thumb Code     0  startup_stm32f10x_hd.o(.text)
    SPI3_IRQHandler                          0x08006763   Thumb Code     0  startup_stm32f10x_hd.o(.text)
    TAMPER_IRQHandler                        0x08006763   Thumb Code     0  startup_stm32f10x_hd.o(.text)
    TIM1_BRK_IRQHandler                      0x08006763   Thumb Code     0  startup_stm32f10x_hd.o(.text)
    TIM1_CC_IRQHandler                       0x08006763   Thumb Code     0  startup_stm32f10x_hd.o(.text)
    TIM1_TRG_COM_IRQHandler                  0x08006763   Thumb Code     0  startup_stm32f10x_hd.o(.text)
    TIM1_UP_IRQHandler                       0x08006763   Thumb Code     0  startup_stm32f10x_hd.o(.text)
    TIM3_IRQHandler                          0x08006763   Thumb Code     0  startup_stm32f10x_hd.o(.text)
    TIM4_IRQHandler                          0x08006763   Thumb Code     0  startup_stm32f10x_hd.o(.text)
    TIM5_IRQHandler                          0x08006763   Thumb Code     0  startup_stm32f10x_hd.o(.text)
    TIM6_IRQHandler                          0x08006763   Thumb Code     0  startup_stm32f10x_hd.o(.text)
    TIM7_IRQHandler                          0x08006763   Thumb Code     0  startup_stm32f10x_hd.o(.text)
    TIM8_BRK_IRQHandler                      0x08006763   Thumb Code     0  startup_stm32f10x_hd.o(.text)
    TIM8_CC_IRQHandler                       0x08006763   Thumb Code     0  startup_stm32f10x_hd.o(.text)
    TIM8_TRG_COM_IRQHandler                  0x08006763   Thumb Code     0  startup_stm32f10x_hd.o(.text)
    TIM8_UP_IRQHandler                       0x08006763   Thumb Code     0  startup_stm32f10x_hd.o(.text)
    UART4_IRQHandler                         0x08006763   Thumb Code     0  startup_stm32f10x_hd.o(.text)
    UART5_IRQHandler                         0x08006763   Thumb Code     0  startup_stm32f10x_hd.o(.text)
    USART2_IRQHandler                        0x08006763   Thumb Code     0  startup_stm32f10x_hd.o(.text)
    USART3_IRQHandler                        0x08006763   Thumb Code     0  startup_stm32f10x_hd.o(.text)
    USBWakeUp_IRQHandler                     0x08006763   Thumb Code     0  startup_stm32f10x_hd.o(.text)
    USB_HP_CAN1_TX_IRQHandler                0x08006763   Thumb Code     0  startup_stm32f10x_hd.o(.text)
    USB_LP_CAN1_RX0_IRQHandler               0x08006763   Thumb Code     0  startup_stm32f10x_hd.o(.text)
    WWDG_IRQHandler                          0x08006763   Thumb Code     0  startup_stm32f10x_hd.o(.text)
    __user_initial_stackheap                 0x08006765   Thumb Code     0  startup_stm32f10x_hd.o(.text)
    NVIC_PriorityGroupConfig                 0x08006789   Thumb Code    10  misc.o(.text)
    NVIC_Init                                0x08006793   Thumb Code   102  misc.o(.text)
    NVIC_SetVectorTable                      0x080067f9   Thumb Code    14  misc.o(.text)
    NVIC_SystemLPConfig                      0x08006807   Thumb Code    34  misc.o(.text)
    SysTick_CLKSourceConfig                  0x08006829   Thumb Code    40  misc.o(.text)
    FSMC_NORSRAMDeInit                       0x08006865   Thumb Code    56  stm32f10x_fsmc.o(.text)
    FSMC_NANDDeInit                          0x0800689d   Thumb Code    62  stm32f10x_fsmc.o(.text)
    FSMC_PCCARDDeInit                        0x080068db   Thumb Code    40  stm32f10x_fsmc.o(.text)
    FSMC_NORSRAMInit                         0x08006903   Thumb Code   224  stm32f10x_fsmc.o(.text)
    FSMC_NANDInit                            0x080069e3   Thumb Code   130  stm32f10x_fsmc.o(.text)
    FSMC_PCCARDInit                          0x08006a65   Thumb Code   124  stm32f10x_fsmc.o(.text)
    FSMC_NORSRAMStructInit                   0x08006ae1   Thumb Code   114  stm32f10x_fsmc.o(.text)
    FSMC_NANDStructInit                      0x08006b53   Thumb Code    54  stm32f10x_fsmc.o(.text)
    FSMC_PCCARDStructInit                    0x08006b89   Thumb Code    60  stm32f10x_fsmc.o(.text)
    FSMC_NORSRAMCmd                          0x08006bc5   Thumb Code    46  stm32f10x_fsmc.o(.text)
    FSMC_NANDCmd                             0x08006bf3   Thumb Code    86  stm32f10x_fsmc.o(.text)
    FSMC_PCCARDCmd                           0x08006c49   Thumb Code    40  stm32f10x_fsmc.o(.text)
    FSMC_NANDECCCmd                          0x08006c71   Thumb Code   118  stm32f10x_fsmc.o(.text)
    FSMC_GetECC                              0x08006ce7   Thumb Code    22  stm32f10x_fsmc.o(.text)
    FSMC_ITConfig                            0x08006cfd   Thumb Code   128  stm32f10x_fsmc.o(.text)
    FSMC_GetFlagStatus                       0x08006d7d   Thumb Code    48  stm32f10x_fsmc.o(.text)
    FSMC_ClearFlag                           0x08006dad   Thumb Code    62  stm32f10x_fsmc.o(.text)
    FSMC_GetITStatus                         0x08006deb   Thumb Code    60  stm32f10x_fsmc.o(.text)
    FSMC_ClearITPendingBit                   0x08006e27   Thumb Code    64  stm32f10x_fsmc.o(.text)
    GPIO_DeInit                              0x08006e7d   Thumb Code   172  stm32f10x_gpio.o(.text)
    GPIO_AFIODeInit                          0x08006f29   Thumb Code    20  stm32f10x_gpio.o(.text)
    GPIO_Init                                0x08006f3d   Thumb Code   274  stm32f10x_gpio.o(.text)
    GPIO_StructInit                          0x0800704f   Thumb Code    16  stm32f10x_gpio.o(.text)
    GPIO_ReadInputDataBit                    0x0800705f   Thumb Code    18  stm32f10x_gpio.o(.text)
    GPIO_ReadInputData                       0x08007071   Thumb Code     8  stm32f10x_gpio.o(.text)
    GPIO_ReadOutputDataBit                   0x08007079   Thumb Code    18  stm32f10x_gpio.o(.text)
    GPIO_ReadOutputData                      0x0800708b   Thumb Code     8  stm32f10x_gpio.o(.text)
    GPIO_SetBits                             0x08007093   Thumb Code     4  stm32f10x_gpio.o(.text)
    GPIO_ResetBits                           0x08007097   Thumb Code     4  stm32f10x_gpio.o(.text)
    GPIO_WriteBit                            0x0800709b   Thumb Code    10  stm32f10x_gpio.o(.text)
    GPIO_Write                               0x080070a5   Thumb Code     4  stm32f10x_gpio.o(.text)
    GPIO_PinLockConfig                       0x080070a9   Thumb Code    18  stm32f10x_gpio.o(.text)
    GPIO_EventOutputConfig                   0x080070bb   Thumb Code    26  stm32f10x_gpio.o(.text)
    GPIO_EventOutputCmd                      0x080070d5   Thumb Code     6  stm32f10x_gpio.o(.text)
    GPIO_PinRemapConfig                      0x080070db   Thumb Code   138  stm32f10x_gpio.o(.text)
    GPIO_EXTILineConfig                      0x08007165   Thumb Code    66  stm32f10x_gpio.o(.text)
    GPIO_ETH_MediaInterfaceConfig            0x080071a7   Thumb Code     6  stm32f10x_gpio.o(.text)
    RCC_DeInit                               0x080071d5   Thumb Code    64  stm32f10x_rcc.o(.text)
    RCC_HSEConfig                            0x08007215   Thumb Code    70  stm32f10x_rcc.o(.text)
    RCC_GetFlagStatus                        0x0800725b   Thumb Code    56  stm32f10x_rcc.o(.text)
    RCC_WaitForHSEStartUp                    0x08007293   Thumb Code    56  stm32f10x_rcc.o(.text)
    RCC_AdjustHSICalibrationValue            0x080072cb   Thumb Code    20  stm32f10x_rcc.o(.text)
    RCC_HSICmd                               0x080072df   Thumb Code     6  stm32f10x_rcc.o(.text)
    RCC_PLLConfig                            0x080072e5   Thumb Code    24  stm32f10x_rcc.o(.text)
    RCC_PLLCmd                               0x080072fd   Thumb Code     6  stm32f10x_rcc.o(.text)
    RCC_SYSCLKConfig                         0x08007303   Thumb Code    18  stm32f10x_rcc.o(.text)
    RCC_GetSYSCLKSource                      0x08007315   Thumb Code    10  stm32f10x_rcc.o(.text)
    RCC_HCLKConfig                           0x0800731f   Thumb Code    18  stm32f10x_rcc.o(.text)
    RCC_PCLK1Config                          0x08007331   Thumb Code    18  stm32f10x_rcc.o(.text)
    RCC_PCLK2Config                          0x08007343   Thumb Code    20  stm32f10x_rcc.o(.text)
    RCC_ITConfig                             0x08007357   Thumb Code    26  stm32f10x_rcc.o(.text)
    RCC_USBCLKConfig                         0x08007371   Thumb Code     6  stm32f10x_rcc.o(.text)
    RCC_ADCCLKConfig                         0x08007377   Thumb Code    18  stm32f10x_rcc.o(.text)
    RCC_LSEConfig                            0x08007389   Thumb Code    44  stm32f10x_rcc.o(.text)
    RCC_LSICmd                               0x080073b5   Thumb Code     6  stm32f10x_rcc.o(.text)
    RCC_RTCCLKConfig                         0x080073bb   Thumb Code    12  stm32f10x_rcc.o(.text)
    RCC_RTCCLKCmd                            0x080073c7   Thumb Code     8  stm32f10x_rcc.o(.text)
    RCC_GetClocksFreq                        0x080073cf   Thumb Code   192  stm32f10x_rcc.o(.text)
    RCC_AHBPeriphClockCmd                    0x0800748f   Thumb Code    26  stm32f10x_rcc.o(.text)
    RCC_APB2PeriphClockCmd                   0x080074a9   Thumb Code    26  stm32f10x_rcc.o(.text)
    RCC_APB1PeriphClockCmd                   0x080074c3   Thumb Code    26  stm32f10x_rcc.o(.text)
    RCC_APB2PeriphResetCmd                   0x080074dd   Thumb Code    26  stm32f10x_rcc.o(.text)
    RCC_APB1PeriphResetCmd                   0x080074f7   Thumb Code    26  stm32f10x_rcc.o(.text)
    RCC_BackupResetCmd                       0x08007511   Thumb Code     8  stm32f10x_rcc.o(.text)
    RCC_ClockSecuritySystemCmd               0x08007519   Thumb Code     6  stm32f10x_rcc.o(.text)
    RCC_MCOConfig                            0x0800751f   Thumb Code     6  stm32f10x_rcc.o(.text)
    RCC_ClearFlag                            0x08007525   Thumb Code    14  stm32f10x_rcc.o(.text)
    RCC_GetITStatus                          0x08007533   Thumb Code    20  stm32f10x_rcc.o(.text)
    RCC_ClearITPendingBit                    0x08007547   Thumb Code     6  stm32f10x_rcc.o(.text)
    SPI_I2S_DeInit                           0x08007579   Thumb Code    76  stm32f10x_spi.o(.text)
    SPI_Init                                 0x080075c5   Thumb Code    60  stm32f10x_spi.o(.text)
    I2S_Init                                 0x08007601   Thumb Code   226  stm32f10x_spi.o(.text)
    SPI_StructInit                           0x080076e3   Thumb Code    24  stm32f10x_spi.o(.text)
    I2S_StructInit                           0x080076fb   Thumb Code    20  stm32f10x_spi.o(.text)
    SPI_Cmd                                  0x0800770f   Thumb Code    24  stm32f10x_spi.o(.text)
    I2S_Cmd                                  0x08007727   Thumb Code    24  stm32f10x_spi.o(.text)
    SPI_I2S_ITConfig                         0x0800773f   Thumb Code    32  stm32f10x_spi.o(.text)
    SPI_I2S_DMACmd                           0x0800775f   Thumb Code    18  stm32f10x_spi.o(.text)
    SPI_I2S_SendData                         0x08007771   Thumb Code     4  stm32f10x_spi.o(.text)
    SPI_I2S_ReceiveData                      0x08007775   Thumb Code     6  stm32f10x_spi.o(.text)
    SPI_NSSInternalSoftwareConfig            0x0800777b   Thumb Code    30  stm32f10x_spi.o(.text)
    SPI_SSOutputCmd                          0x08007799   Thumb Code    24  stm32f10x_spi.o(.text)
    SPI_DataSizeConfig                       0x080077b1   Thumb Code    18  stm32f10x_spi.o(.text)
    SPI_TransmitCRC                          0x080077c3   Thumb Code    10  stm32f10x_spi.o(.text)
    SPI_CalculateCRC                         0x080077cd   Thumb Code    24  stm32f10x_spi.o(.text)
    SPI_GetCRC                               0x080077e5   Thumb Code    16  stm32f10x_spi.o(.text)
    SPI_GetCRCPolynomial                     0x080077f5   Thumb Code     6  stm32f10x_spi.o(.text)
    SPI_BiDirectionalLineConfig              0x080077fb   Thumb Code    28  stm32f10x_spi.o(.text)
    SPI_I2S_GetFlagStatus                    0x08007817   Thumb Code    18  stm32f10x_spi.o(.text)
    SPI_I2S_ClearFlag                        0x08007829   Thumb Code     6  stm32f10x_spi.o(.text)
    SPI_I2S_GetITStatus                      0x0800782f   Thumb Code    52  stm32f10x_spi.o(.text)
    SPI_I2S_ClearITPendingBit                0x08007863   Thumb Code    20  stm32f10x_spi.o(.text)
    TIM_DeInit                               0x08007885   Thumb Code   424  stm32f10x_tim.o(.text)
    TIM_TimeBaseInit                         0x08007a2d   Thumb Code   122  stm32f10x_tim.o(.text)
    TIM_OC1Init                              0x08007aa7   Thumb Code   132  stm32f10x_tim.o(.text)
    TIM_OC2Init                              0x08007b2b   Thumb Code   154  stm32f10x_tim.o(.text)
    TIM_OC3Init                              0x08007bc5   Thumb Code   150  stm32f10x_tim.o(.text)
    TIM_OC4Init                              0x08007c5b   Thumb Code   182  stm32f10x_tim.o(.text)
    TIM_SetIC4Prescaler                      0x08007d11   Thumb Code    26  stm32f10x_tim.o(.text)
    TIM_SetIC3Prescaler                      0x08007dad   Thumb Code    18  stm32f10x_tim.o(.text)
    TIM_SetIC2Prescaler                      0x08007e39   Thumb Code    26  stm32f10x_tim.o(.text)
    TIM_SetIC1Prescaler                      0x08007ed5   Thumb Code    18  stm32f10x_tim.o(.text)
    TIM_ICInit                               0x08007f53   Thumb Code   150  stm32f10x_tim.o(.text)
    TIM_PWMIConfig                           0x08007fe9   Thumb Code   124  stm32f10x_tim.o(.text)
    TIM_BDTRConfig                           0x08008065   Thumb Code    32  stm32f10x_tim.o(.text)
    TIM_TimeBaseStructInit                   0x08008085   Thumb Code    18  stm32f10x_tim.o(.text)
    TIM_OCStructInit                         0x08008097   Thumb Code    20  stm32f10x_tim.o(.text)
    TIM_ICStructInit                         0x080080ab   Thumb Code    18  stm32f10x_tim.o(.text)
    TIM_BDTRStructInit                       0x080080bd   Thumb Code    40  stm32f10x_tim.o(.text)
    TIM_Cmd                                  0x080080e5   Thumb Code    24  stm32f10x_tim.o(.text)
    TIM_CtrlPWMOutputs                       0x080080fd   Thumb Code    30  stm32f10x_tim.o(.text)
    TIM_ITConfig                             0x0800811b   Thumb Code    18  stm32f10x_tim.o(.text)
    TIM_GenerateEvent                        0x0800812d   Thumb Code     4  stm32f10x_tim.o(.text)
    TIM_DMAConfig                            0x08008131   Thumb Code    10  stm32f10x_tim.o(.text)
    TIM_DMACmd                               0x0800813b   Thumb Code    18  stm32f10x_tim.o(.text)
    TIM_InternalClockConfig                  0x0800814d   Thumb Code    12  stm32f10x_tim.o(.text)
    TIM_SelectInputTrigger                   0x08008159   Thumb Code    18  stm32f10x_tim.o(.text)
    TIM_ITRxExternalClockConfig              0x0800816b   Thumb Code    24  stm32f10x_tim.o(.text)
    TIM_TIxExternalClockConfig               0x08008183   Thumb Code    62  stm32f10x_tim.o(.text)
    TIM_ETRConfig                            0x080081c1   Thumb Code    28  stm32f10x_tim.o(.text)
    TIM_ETRClockMode1Config                  0x080081dd   Thumb Code    54  stm32f10x_tim.o(.text)
    TIM_ETRClockMode2Config                  0x08008213   Thumb Code    32  stm32f10x_tim.o(.text)
    TIM_PrescalerConfig                      0x08008233   Thumb Code     6  stm32f10x_tim.o(.text)
    TIM_CounterModeConfig                    0x08008239   Thumb Code    18  stm32f10x_tim.o(.text)
    TIM_EncoderInterfaceConfig               0x0800824b   Thumb Code    66  stm32f10x_tim.o(.text)
    TIM_ForcedOC1Config                      0x0800828d   Thumb Code    18  stm32f10x_tim.o(.text)
    TIM_ForcedOC2Config                      0x0800829f   Thumb Code    26  stm32f10x_tim.o(.text)
    TIM_ForcedOC3Config                      0x080082b9   Thumb Code    18  stm32f10x_tim.o(.text)
    TIM_ForcedOC4Config                      0x080082cb   Thumb Code    26  stm32f10x_tim.o(.text)
    TIM_ARRPreloadConfig                     0x080082e5   Thumb Code    24  stm32f10x_tim.o(.text)
    TIM_SelectCOM                            0x080082fd   Thumb Code    24  stm32f10x_tim.o(.text)
    TIM_SelectCCDMA                          0x08008315   Thumb Code    24  stm32f10x_tim.o(.text)
    TIM_CCPreloadControl                     0x0800832d   Thumb Code    24  stm32f10x_tim.o(.text)
    TIM_OC1PreloadConfig                     0x08008345   Thumb Code    18  stm32f10x_tim.o(.text)
    TIM_OC2PreloadConfig                     0x08008357   Thumb Code    26  stm32f10x_tim.o(.text)
    TIM_OC3PreloadConfig                     0x08008371   Thumb Code    18  stm32f10x_tim.o(.text)
    TIM_OC4PreloadConfig                     0x08008383   Thumb Code    26  stm32f10x_tim.o(.text)
    TIM_OC1FastConfig                        0x0800839d   Thumb Code    18  stm32f10x_tim.o(.text)
    TIM_OC2FastConfig                        0x080083af   Thumb Code    26  stm32f10x_tim.o(.text)
    TIM_OC3FastConfig                        0x080083c9   Thumb Code    18  stm32f10x_tim.o(.text)
    TIM_OC4FastConfig                        0x080083db   Thumb Code    26  stm32f10x_tim.o(.text)
    TIM_ClearOC1Ref                          0x080083f5   Thumb Code    18  stm32f10x_tim.o(.text)
    TIM_ClearOC2Ref                          0x08008407   Thumb Code    24  stm32f10x_tim.o(.text)
    TIM_ClearOC3Ref                          0x0800841f   Thumb Code    18  stm32f10x_tim.o(.text)
    TIM_ClearOC4Ref                          0x08008431   Thumb Code    24  stm32f10x_tim.o(.text)
    TIM_OC1PolarityConfig                    0x08008449   Thumb Code    18  stm32f10x_tim.o(.text)
    TIM_OC1NPolarityConfig                   0x0800845b   Thumb Code    18  stm32f10x_tim.o(.text)
    TIM_OC2PolarityConfig                    0x0800846d   Thumb Code    26  stm32f10x_tim.o(.text)
    TIM_OC2NPolarityConfig                   0x08008487   Thumb Code    26  stm32f10x_tim.o(.text)
    TIM_OC3PolarityConfig                    0x080084a1   Thumb Code    26  stm32f10x_tim.o(.text)
    TIM_OC3NPolarityConfig                   0x080084bb   Thumb Code    26  stm32f10x_tim.o(.text)
    TIM_OC4PolarityConfig                    0x080084d5   Thumb Code    26  stm32f10x_tim.o(.text)
    TIM_CCxCmd                               0x080084ef   Thumb Code    30  stm32f10x_tim.o(.text)
    TIM_CCxNCmd                              0x0800850d   Thumb Code    30  stm32f10x_tim.o(.text)
    TIM_SelectOCxM                           0x0800852b   Thumb Code    82  stm32f10x_tim.o(.text)
    TIM_UpdateDisableConfig                  0x0800857d   Thumb Code    24  stm32f10x_tim.o(.text)
    TIM_UpdateRequestConfig                  0x08008595   Thumb Code    24  stm32f10x_tim.o(.text)
    TIM_SelectHallSensor                     0x080085ad   Thumb Code    24  stm32f10x_tim.o(.text)
    TIM_SelectOnePulseMode                   0x080085c5   Thumb Code    18  stm32f10x_tim.o(.text)
    TIM_SelectOutputTrigger                  0x080085d7   Thumb Code    18  stm32f10x_tim.o(.text)
    TIM_SelectSlaveMode                      0x080085e9   Thumb Code    18  stm32f10x_tim.o(.text)
    TIM_SelectMasterSlaveMode                0x080085fb   Thumb Code    18  stm32f10x_tim.o(.text)
    TIM_SetCounter                           0x0800860d   Thumb Code     4  stm32f10x_tim.o(.text)
    TIM_SetAutoreload                        0x08008611   Thumb Code     4  stm32f10x_tim.o(.text)
    TIM_SetCompare1                          0x08008615   Thumb Code     4  stm32f10x_tim.o(.text)
    TIM_SetCompare2                          0x08008619   Thumb Code     4  stm32f10x_tim.o(.text)
    TIM_SetCompare3                          0x0800861d   Thumb Code     4  stm32f10x_tim.o(.text)
    TIM_SetCompare4                          0x08008621   Thumb Code     6  stm32f10x_tim.o(.text)
    TIM_SetClockDivision                     0x08008627   Thumb Code    18  stm32f10x_tim.o(.text)
    TIM_GetCapture1                          0x08008639   Thumb Code     6  stm32f10x_tim.o(.text)
    TIM_GetCapture2                          0x0800863f   Thumb Code     6  stm32f10x_tim.o(.text)
    TIM_GetCapture3                          0x08008645   Thumb Code     6  stm32f10x_tim.o(.text)
    TIM_GetCapture4                          0x0800864b   Thumb Code     8  stm32f10x_tim.o(.text)
    TIM_GetCounter                           0x08008653   Thumb Code     6  stm32f10x_tim.o(.text)
    TIM_GetPrescaler                         0x08008659   Thumb Code     6  stm32f10x_tim.o(.text)
    TIM_GetFlagStatus                        0x0800865f   Thumb Code    18  stm32f10x_tim.o(.text)
    TIM_ClearFlag                            0x08008671   Thumb Code     6  stm32f10x_tim.o(.text)
    TIM_GetITStatus                          0x08008677   Thumb Code    34  stm32f10x_tim.o(.text)
    TIM_ClearITPendingBit                    0x08008699   Thumb Code     6  stm32f10x_tim.o(.text)
    USART_DeInit                             0x080086a1   Thumb Code   134  stm32f10x_usart.o(.text)
    USART_Init                               0x08008727   Thumb Code   210  stm32f10x_usart.o(.text)
    USART_StructInit                         0x080087f9   Thumb Code    24  stm32f10x_usart.o(.text)
    USART_ClockInit                          0x08008811   Thumb Code    34  stm32f10x_usart.o(.text)
    USART_ClockStructInit                    0x08008833   Thumb Code    12  stm32f10x_usart.o(.text)
    USART_Cmd                                0x0800883f   Thumb Code    24  stm32f10x_usart.o(.text)
    USART_ITConfig                           0x08008857   Thumb Code    74  stm32f10x_usart.o(.text)
    USART_DMACmd                             0x080088a1   Thumb Code    18  stm32f10x_usart.o(.text)
    USART_SetAddress                         0x080088b3   Thumb Code    18  stm32f10x_usart.o(.text)
    USART_WakeUpConfig                       0x080088c5   Thumb Code    18  stm32f10x_usart.o(.text)
    USART_ReceiverWakeUpCmd                  0x080088d7   Thumb Code    24  stm32f10x_usart.o(.text)
    USART_LINBreakDetectLengthConfig         0x080088ef   Thumb Code    18  stm32f10x_usart.o(.text)
    USART_LINCmd                             0x08008901   Thumb Code    24  stm32f10x_usart.o(.text)
    USART_SendData                           0x08008919   Thumb Code     8  stm32f10x_usart.o(.text)
    USART_ReceiveData                        0x08008921   Thumb Code    10  stm32f10x_usart.o(.text)
    USART_SendBreak                          0x0800892b   Thumb Code    10  stm32f10x_usart.o(.text)
    USART_SetGuardTime                       0x08008935   Thumb Code    16  stm32f10x_usart.o(.text)
    USART_SetPrescaler                       0x08008945   Thumb Code    16  stm32f10x_usart.o(.text)
    USART_SmartCardCmd                       0x08008955   Thumb Code    24  stm32f10x_usart.o(.text)
    USART_SmartCardNACKCmd                   0x0800896d   Thumb Code    24  stm32f10x_usart.o(.text)
    USART_HalfDuplexCmd                      0x08008985   Thumb Code    24  stm32f10x_usart.o(.text)
    USART_OverSampling8Cmd                   0x0800899d   Thumb Code    22  stm32f10x_usart.o(.text)
    USART_OneBitMethodCmd                    0x080089b3   Thumb Code    24  stm32f10x_usart.o(.text)
    USART_IrDAConfig                         0x080089cb   Thumb Code    18  stm32f10x_usart.o(.text)
    USART_IrDACmd                            0x080089dd   Thumb Code    24  stm32f10x_usart.o(.text)
    USART_GetFlagStatus                      0x080089f5   Thumb Code    26  stm32f10x_usart.o(.text)
    USART_ClearFlag                          0x08008a0f   Thumb Code    18  stm32f10x_usart.o(.text)
    USART_GetITStatus                        0x08008a21   Thumb Code    84  stm32f10x_usart.o(.text)
    USART_ClearITPendingBit                  0x08008a75   Thumb Code    52  stm32f10x_usart.o(.text)
    mymemcpy                                 0x08008aa9   Thumb Code    26  malloc.o(.text)
    mymemset                                 0x08008ac3   Thumb Code    20  malloc.o(.text)
    mem_init                                 0x08008ad7   Thumb Code    54  malloc.o(.text)
    mem_perused                              0x08008b0d   Thumb Code    54  malloc.o(.text)
    mem_malloc                               0x08008b43   Thumb Code   162  malloc.o(.text)
    mem_free                                 0x08008be5   Thumb Code    94  malloc.o(.text)
    myfree                                   0x08008c43   Thumb Code    32  malloc.o(.text)
    mymalloc                                 0x08008c63   Thumb Code    34  malloc.o(.text)
    myrealloc                                0x08008c85   Thumb Code    66  malloc.o(.text)
    disk_initialize                          0x08008cd9   Thumb Code    90  diskio.o(.text)
    disk_status                              0x08008d33   Thumb Code     6  diskio.o(.text)
    disk_read                                0x08008d39   Thumb Code   122  diskio.o(.text)
    disk_write                               0x08008db3   Thumb Code   102  diskio.o(.text)
    disk_ioctl                               0x08008e19   Thumb Code   154  diskio.o(.text)
    get_fattime                              0x08008eb3   Thumb Code     4  diskio.o(.text)
    ff_memalloc                              0x08008eb7   Thumb Code    14  diskio.o(.text)
    ff_memfree                               0x08008ec5   Thumb Code    14  diskio.o(.text)
    clust2sect                               0x08009085   Thumb Code    26  ff.o(.text)
    get_fat                                  0x0800909f   Thumb Code   228  ff.o(.text)
    put_fat                                  0x08009183   Thumb Code   314  ff.o(.text)
    dir_sdi                                  0x08009421   Thumb Code   156  ff.o(.text)
    gen_numname                              0x08009745   Thumb Code   188  ff.o(.text)
    f_mount                                  0x0800a4d9   Thumb Code    38  ff.o(.text)
    f_open                                   0x0800a4ff   Thumb Code   392  ff.o(.text)
    f_read                                   0x0800a687   Thumb Code   474  ff.o(.text)
    f_write                                  0x0800a861   Thumb Code   550  ff.o(.text)
    f_sync                                   0x0800aa87   Thumb Code   182  ff.o(.text)
    f_close                                  0x0800ab3d   Thumb Code    22  ff.o(.text)
    f_chdrive                                0x0800ab53   Thumb Code    18  ff.o(.text)
    f_chdir                                  0x0800ab65   Thumb Code   124  ff.o(.text)
    f_lseek                                  0x0800abe1   Thumb Code   732  ff.o(.text)
    f_opendir                                0x0800aebd   Thumb Code   140  ff.o(.text)
    f_readdir                                0x0800af49   Thumb Code   112  ff.o(.text)
    f_stat                                   0x0800afb9   Thumb Code    82  ff.o(.text)
    f_getfree                                0x0800b00b   Thumb Code   276  ff.o(.text)
    f_truncate                               0x0800b11f   Thumb Code   156  ff.o(.text)
    f_unlink                                 0x0800b1bb   Thumb Code   222  ff.o(.text)
    f_mkdir                                  0x0800b299   Thumb Code   432  ff.o(.text)
    f_chmod                                  0x0800b449   Thumb Code   126  ff.o(.text)
    f_utime                                  0x0800b4c7   Thumb Code   124  ff.o(.text)
    f_rename                                 0x0800b543   Thumb Code   330  ff.o(.text)
    f_mkfs                                   0x0800b68d   Thumb Code  1582  ff.o(.text)
    f_gets                                   0x0800bcbb   Thumb Code    78  ff.o(.text)
    f_putc                                   0x0800bd09   Thumb Code    38  ff.o(.text)
    f_puts                                   0x0800bd2f   Thumb Code    40  ff.o(.text)
    f_printf                                 0x0800bd57   Thumb Code   704  ff.o(.text)
    exfuns_init                              0x0800c019   Thumb Code   110  exfuns.o(.text)
    char_upper                               0x0800c087   Thumb Code    26  exfuns.o(.text)
    f_typetell                               0x0800c0a1   Thumb Code   188  exfuns.o(.text)
    exf_getfree                              0x0800c15d   Thumb Code    74  exfuns.o(.text)
    mf_mount                                 0x0800c1bd   Thumb Code    18  fattester.o(.text)
    mf_open                                  0x0800c1cf   Thumb Code    24  fattester.o(.text)
    mf_close                                 0x0800c1e7   Thumb Code    14  fattester.o(.text)
    mf_read                                  0x0800c1f5   Thumb Code   224  fattester.o(.text)
    mf_write                                 0x0800c2d5   Thumb Code    68  fattester.o(.text)
    mf_opendir                               0x0800c319   Thumb Code    14  fattester.o(.text)
    mf_readdir                               0x0800c327   Thumb Code   204  fattester.o(.text)
    mf_scan_files                            0x0800c3f3   Thumb Code   120  fattester.o(.text)
    mf_showfree                              0x0800c46b   Thumb Code    88  fattester.o(.text)
    mf_lseek                                 0x0800c4c3   Thumb Code    16  fattester.o(.text)
    mf_tell                                  0x0800c4d3   Thumb Code     8  fattester.o(.text)
    mf_size                                  0x0800c4db   Thumb Code     8  fattester.o(.text)
    mf_mkdir                                 0x0800c4e3   Thumb Code    12  fattester.o(.text)
    mf_fmkfs                                 0x0800c4ef   Thumb Code    20  fattester.o(.text)
    mf_unlink                                0x0800c503   Thumb Code    12  fattester.o(.text)
    mf_rename                                0x0800c50f   Thumb Code    16  fattester.o(.text)
    mf_gets                                  0x0800c51f   Thumb Code    38  fattester.o(.text)
    mf_putc                                  0x0800c545   Thumb Code    18  fattester.o(.text)
    mf_puts                                  0x0800c557   Thumb Code    18  fattester.o(.text)
    ff_convert                               0x0800c795   Thumb Code   146  mycc936.o(.text)
    ff_wtoupper                              0x0800c827   Thumb Code    46  mycc936.o(.text)
    usmart_sys_cmd_exe                       0x0800c861   Thumb Code  1554  usmart.o(.text)
    usmart_reset_runtime                     0x0800ce73   Thumb Code    34  usmart.o(.text)
    usmart_get_runtime                       0x0800ce95   Thumb Code    58  usmart.o(.text)
    TIM2_IRQHandler                          0x0800cecf   Thumb Code    52  usmart.o(.text)
    Timer2_Init                              0x0800cf03   Thumb Code    90  usmart.o(.text)
    usmart_init                              0x0800cf5d   Thumb Code    36  usmart.o(.text)
    usmart_cmd_rec                           0x0800cf81   Thumb Code   170  usmart.o(.text)
    usmart_exe                               0x0800d02b   Thumb Code   864  usmart.o(.text)
    usmart_scan                              0x0800d38b   Thumb Code   118  usmart.o(.text)
    read_addr                                0x0800d401   Thumb Code     6  usmart.o(.text)
    write_addr                               0x0800d407   Thumb Code     4  usmart.o(.text)
    usmart_strcmp                            0x0800d495   Thumb Code    34  usmart_str.o(.text)
    usmart_strcopy                           0x0800d4b7   Thumb Code    22  usmart_str.o(.text)
    usmart_strlen                            0x0800d4cd   Thumb Code    24  usmart_str.o(.text)
    usmart_pow                               0x0800d4e5   Thumb Code    22  usmart_str.o(.text)
    usmart_str2num                           0x0800d4fb   Thumb Code   202  usmart_str.o(.text)
    usmart_get_cmdname                       0x0800d5c5   Thumb Code    54  usmart_str.o(.text)
    usmart_search_nextc                      0x0800d5fb   Thumb Code    22  usmart_str.o(.text)
    usmart_get_fname                         0x0800d611   Thumb Code   440  usmart_str.o(.text)
    usmart_get_aparm                         0x0800d7c9   Thumb Code   200  usmart_str.o(.text)
    usmart_get_parmpos                       0x0800d891   Thumb Code    26  usmart_str.o(.text)
    usmart_get_fparam                        0x0800d8ab   Thumb Code   262  usmart_str.o(.text)
    fupd_prog                                0x0800d9bd   Thumb Code   134  fontupd.o(.text)
    updata_fontx                             0x0800da43   Thumb Code   294  fontupd.o(.text)
    update_font                              0x0800db69   Thumb Code   290  fontupd.o(.text)
    font_init                                0x0800dc8b   Thumb Code    52  fontupd.o(.text)
    Get_HzMat                                0x0800dd31   Thumb Code   150  text.o(.text)
    Show_Font                                0x0800ddc7   Thumb Code   244  text.o(.text)
    Show_Str                                 0x0800debb   Thumb Code   192  text.o(.text)
    Show_Str_Mid                             0x0800df7b   Thumb Code   106  text.o(.text)
    stdbmp_decode                            0x0800dff1   Thumb Code   720  bmp.o(.text)
    minibmp_decode                           0x0800e2c1   Thumb Code   936  bmp.o(.text)
    bmp_encode                               0x0800e669   Thumb Code   496  bmp.o(.text)
    gif_check_head                           0x0800e865   Thumb Code    88  gif.o(.text)
    gif_getrgb565                            0x0800e8bd   Thumb Code    28  gif.o(.text)
    gif_readcolortbl                         0x0800e8d9   Thumb Code    64  gif.o(.text)
    gif_getinfo                              0x0800e919   Thumb Code    76  gif.o(.text)
    gif_savegctbl                            0x0800e965   Thumb Code    38  gif.o(.text)
    gif_recovergctbl                         0x0800e98b   Thumb Code    38  gif.o(.text)
    gif_initlzw                              0x0800e9b1   Thumb Code   140  gif.o(.text)
    gif_getdatablock                         0x0800ea3d   Thumb Code    96  gif.o(.text)
    gif_readextension                        0x0800ea9d   Thumb Code   164  gif.o(.text)
    gif_getnextcode                          0x0800eb41   Thumb Code   414  gif.o(.text)
    gif_getnextbyte                          0x0800ecdf   Thumb Code   706  gif.o(.text)
    gif_dispimage                            0x0800efa1   Thumb Code   534  gif.o(.text)
    gif_clear2bkcolor                        0x0800f1b7   Thumb Code   496  gif.o(.text)
    gif_drawimage                            0x0800f3a7   Thumb Code   352  gif.o(.text)
    gif_quit                                 0x0800f507   Thumb Code     8  gif.o(.text)
    gif_decode                               0x0800f50f   Thumb Code   306  gif.o(.text)
    piclib_draw_hline                        0x0800f645   Thumb Code    52  piclib.o(.text)
    piclib_init                              0x0800f679   Thumb Code    68  piclib.o(.text)
    piclib_alpha_blend                       0x0800f6bd   Thumb Code    42  piclib.o(.text)
    ai_draw_init                             0x0800f6e7   Thumb Code   264  piclib.o(.text)
    is_element_ok                            0x0800f7ef   Thumb Code    36  piclib.o(.text)
    ai_load_picfile                          0x0800f813   Thumb Code   206  piclib.o(.text)
    jd_prepare                               0x080104a5   Thumb Code   924  tjpgd.o(.text)
    jd_decomp                                0x08010841   Thumb Code   162  tjpgd.o(.text)
    jpeg_mallocall                           0x080108e3   Thumb Code    76  tjpgd.o(.text)
    jpeg_freeall                             0x0801092f   Thumb Code    34  tjpgd.o(.text)
    jpeg_in_func                             0x08010951   Thumb Code    48  tjpgd.o(.text)
    jpeg_out_func_fill                       0x08010981   Thumb Code   102  tjpgd.o(.text)
    jpeg_out_func_point                      0x080109e7   Thumb Code   182  tjpgd.o(.text)
    jpg_decode                               0x08010a9d   Thumb Code   268  tjpgd.o(.text)
    recoder_enter_rec_mode                   0x08010bbd   Thumb Code    82  recorder.o(.text)
    recoder_wav_init                         0x08010c0f   Thumb Code    64  recorder.o(.text)
    recoder_show_time                        0x08010c4f   Thumb Code    98  recorder.o(.text)
    recoder_new_pathname                     0x08010cb1   Thumb Code    54  recorder.o(.text)
    recoder_show_agc                         0x08010ce7   Thumb Code    70  recorder.o(.text)
    rec_play_wav                             0x08010d2d   Thumb Code   348  recorder.o(.text)
    recoder_play                             0x08010e89   Thumb Code  1116  recorder.o(.text)
    encrypt                                  0x080113c9   Thumb Code   108  tea.o(.text)
    decrypt                                  0x08011435   Thumb Code    72  tea.o(.text)
    __use_no_semihosting                     0x08011485   Thumb Code     2  use_no_semi_2.o(.text)
    __2printf                                0x08011489   Thumb Code    20  noretval__2printf.o(.text)
    __2sprintf                               0x080114a1   Thumb Code    34  noretval__2sprintf.o(.text)
    _printf_pre_padding                      0x080114c9   Thumb Code    46  _printf_pad.o(.text)
    _printf_post_padding                     0x080114f7   Thumb Code    36  _printf_pad.o(.text)
    _printf_str                              0x0801151b   Thumb Code    82  _printf_str.o(.text)
    _printf_int_dec                          0x0801156d   Thumb Code   102  _printf_dec.o(.text)
    _printf_int_hex                          0x080115e5   Thumb Code    88  _printf_hex_int.o(.text)
    _printf_longlong_hex                     0x080115e5   Thumb Code     0  _printf_hex_int.o(.text)
    __printf                                 0x08011641   Thumb Code   390  __printf_flags_ss_wp.o(.text)
    strcpy                                   0x080117cd   Thumb Code    72  strcpy.o(.text)
    strlen                                   0x08011815   Thumb Code    62  strlen.o(.text)
    strcmp                                   0x08011855   Thumb Code   128  strcmpv7m.o(.text)
    __use_two_region_memory                  0x080118d5   Thumb Code     2  heapauxi.o(.text)
    __rt_heap_escrow$2region                 0x080118d7   Thumb Code     2  heapauxi.o(.text)
    __rt_heap_expand$2region                 0x080118d9   Thumb Code     2  heapauxi.o(.text)
    __I$use$semihosting                      0x080118db   Thumb Code     0  use_no_semi.o(.text)
    __use_no_semihosting_swi                 0x080118db   Thumb Code     2  use_no_semi.o(.text)
    _printf_int_common                       0x080118dd   Thumb Code   184  _printf_intcommon.o(.text)
    _printf_char_common                      0x0801199f   Thumb Code    32  _printf_char_common.o(.text)
    _sputc                                   0x080119c5   Thumb Code    10  _sputc.o(.text)
    _printf_cs_common                        0x080119cf   Thumb Code    20  _printf_char.o(.text)
    _printf_char                             0x080119e3   Thumb Code    16  _printf_char.o(.text)
    _printf_string                           0x080119f3   Thumb Code     8  _printf_char.o(.text)
    _printf_char_file                        0x080119fd   Thumb Code    32  _printf_char_file.o(.text)
    ferror                                   0x08011a21   Thumb Code     8  ferror.o(.text)
    __user_setup_stackheap                   0x08011a29   Thumb Code    74  sys_stackheap_outer.o(.text)
    exit                                     0x08011a73   Thumb Code    12  exit.o(.text)
    __user_libspace                          0x08011a81   Thumb Code     8  libspace.o(.text)
    __user_perproc_libspace                  0x08011a81   Thumb Code     0  libspace.o(.text)
    __user_perthread_libspace                0x08011a81   Thumb Code     0  libspace.o(.text)
    _is_digit                                0x08011a89   Thumb Code    14  __printf_wp.o(i._is_digit)
    __aeabi_fadd                             0x08011a99   Thumb Code     0  faddsub_clz.o(x$fpl$fadd)
    _fadd                                    0x08011a99   Thumb Code   196  faddsub_clz.o(x$fpl$fadd)
    __fpl_fcmp_Inf                           0x08011b5d   Thumb Code    24  fcmpi.o(x$fpl$fcmpinf)
    __aeabi_fdiv                             0x08011b75   Thumb Code     0  fdiv.o(x$fpl$fdiv)
    _fdiv                                    0x08011b75   Thumb Code   384  fdiv.o(x$fpl$fdiv)
    __aeabi_cfcmpeq                          0x08011cf9   Thumb Code     0  feqf.o(x$fpl$feqf)
    _fcmpeq                                  0x08011cf9   Thumb Code   104  feqf.o(x$fpl$feqf)
    __aeabi_f2uiz                            0x08011d61   Thumb Code     0  ffixu.o(x$fpl$ffixu)
    _ffixu                                   0x08011d61   Thumb Code    62  ffixu.o(x$fpl$ffixu)
    __aeabi_ui2f                             0x08011da1   Thumb Code     0  fflt_clz.o(x$fpl$ffltu)
    _ffltu                                   0x08011da1   Thumb Code    38  fflt_clz.o(x$fpl$ffltu)
    __aeabi_cfcmple                          0x08011dc9   Thumb Code     0  fleqf.o(x$fpl$fleqf)
    _fcmple                                  0x08011dc9   Thumb Code   104  fleqf.o(x$fpl$fleqf)
    __fpl_fcmple_InfNaN                      0x08011e1b   Thumb Code     0  fleqf.o(x$fpl$fleqf)
    __aeabi_fmul                             0x08011e31   Thumb Code     0  fmul.o(x$fpl$fmul)
    _fmul                                    0x08011e31   Thumb Code   258  fmul.o(x$fpl$fmul)
    __fpl_fnaninf                            0x08011f33   Thumb Code   140  fnaninf.o(x$fpl$fnaninf)
    __fpl_fretinf                            0x08011fbf   Thumb Code    10  fretinf.o(x$fpl$fretinf)
    __aeabi_cfrcmple                         0x08011fc9   Thumb Code     0  frleqf.o(x$fpl$frleqf)
    _frcmple                                 0x08011fc9   Thumb Code    98  frleqf.o(x$fpl$frleqf)
    __aeabi_fsub                             0x0801202d   Thumb Code     0  faddsub_clz.o(x$fpl$fsub)
    _fsub                                    0x0801202d   Thumb Code   234  faddsub_clz.o(x$fpl$fsub)
    __I$use$fp                               0x08012116   Number         0  usenofp.o(x$fpl$usenofp)
    asc2_1206                                0x08012116   Data        1140  lcd.o(.constdata)
    asc2_1608                                0x0801258a   Data        1520  lcd.o(.constdata)
    bitrate                                  0x08012b7a   Data          64  vs10xx.o(.constdata)
    memtblsize                               0x08012bbc   Data           8  malloc.o(.constdata)
    memblksize                               0x08012bc4   Data           8  malloc.o(.constdata)
    memsize                                  0x08012bcc   Data           8  malloc.o(.constdata)
    _aMaskTbl                                0x08012fce   Data          32  gif.o(.constdata)
    _aInterlaceOffset                        0x08012fee   Data           4  gif.o(.constdata)
    _aInterlaceYPos                          0x08012ff2   Data           4  gif.o(.constdata)
    wav_plugin                               0x080134b6   Data          80  recorder.o(.constdata)
    Region$$Table$$Base                      0x08013b28   Number         0  anon$$obj.o(Region$$Table)
    Region$$Table$$Limit                     0x08013b48   Number         0  anon$$obj.o(Region$$Table)
    SystemCoreClock                          0x20000000   Data           4  system_stm32f10x.o(.data)
    AHBPrescTable                            0x20000004   Data          16  system_stm32f10x.o(.data)
    tpad_default_val                         0x20000016   Data           2  tpad.o(.data)
    POINT_COLOR                              0x2000001a   Data           2  lcd.o(.data)
    BACK_COLOR                               0x2000001c   Data           2  lcd.o(.data)
    SPI_FLASH_TYPE                           0x2000001e   Data           2  flash.o(.data)
    SD_Type                                  0x20000020   Data           1  mmc_sd.o(.data)
    vsset                                    0x20000021   Data           7  vs10xx.o(.data)
    USART_RX_STA                             0x2000002c   Data           2  usart.o(.data)
    __stdout                                 0x20000030   Data           4  usart.o(.data)
    mallco_dev                               0x20000048   Data          28  malloc.o(.data)
    FLASH_SECTOR_COUNT                       0x20000064   Data           2  diskio.o(.data)
    FILE_TYPE_TBL                            0x20000074   Data         312  exfuns.o(.data)
    fs                                       0x200001ac   Data           8  exfuns.o(.data)
    file                                     0x200001b4   Data           4  exfuns.o(.data)
    ftemp                                    0x200001b8   Data           4  exfuns.o(.data)
    br                                       0x200001bc   Data           4  exfuns.o(.data)
    bw                                       0x200001c0   Data           4  exfuns.o(.data)
    fatbuf                                   0x200001c4   Data           4  exfuns.o(.data)
    sys_cmd_tab                              0x200001c8   Data          28  usmart.o(.data)
    usmart_nametab                           0x200001e4   Data         296  usmart_config.o(.data)
    usmart_dev                               0x2000030c   Data         244  usmart_config.o(.data)
    FONTINFOADDR                             0x20000400   Data           4  fontupd.o(.data)
    GBK16_SDPATH                             0x20000404   Data           4  fontupd.o(.data)
    GBK12_SDPATH                             0x20000408   Data           4  fontupd.o(.data)
    UNIGBK_SDPATH                            0x2000040c   Data           4  fontupd.o(.data)
    GBK16_25QPATH                            0x20000410   Data           4  fontupd.o(.data)
    GBK12_25QPATH                            0x20000414   Data           4  fontupd.o(.data)
    UNIGBK_25QPATH                           0x20000418   Data           4  fontupd.o(.data)
    gifdecoding                              0x2000041c   Data           1  gif.o(.data)
    f_jpeg                                   0x20000420   Data           4  tjpgd.o(.data)
    jpeg_dev                                 0x20000424   Data           4  tjpgd.o(.data)
    jpg_buffer                               0x20000428   Data           4  tjpgd.o(.data)
    password                                 0x2000042c   Data          16  tea.o(.data)
    lcddev                                   0x2000043c   Data          14  lcd.o(.bss)
    SPI_FLASH_BUF                            0x2000044a   Data        4096  flash.o(.bss)
    USART_RX_BUF                             0x2000144a   Data         200  usart.o(.bss)
    mem1base                                 0x20001514   Data       40960  malloc.o(.bss)
    mem1mapbase                              0x2000b514   Data        2560  malloc.o(.bss)
    fileinfo                                 0x2000bf14   Data          32  exfuns.o(.bss)
    dir                                      0x2000bf34   Data          36  exfuns.o(.bss)
    ftinfo                                   0x2000bf58   Data          25  fontupd.o(.bss)
    picinfo                                  0x2000bf74   Data          40  piclib.o(.bss)
    pic_phy                                  0x2000bf9c   Data          28  piclib.o(.bss)
    __libspace_start                         0x2000bfb8   Data          96  libspace.o(.bss)
    __temporary_stack_top$libspace           0x2000c018   Data           0  libspace.o(.bss)
    mem2base                                 0x68000000   Data       196608  malloc.o(.ARM.__AT_0x68000000)
    mem2mapbase                              0x68030000   Data       12288  malloc.o(.ARM.__AT_0x68030000)



==============================================================================

Memory Map of the image

  Image Entry point : 0x08000131

  Load Region LR_IROM1 (Base: 0x08000000, Size: 0x00013f84, Max: 0x00080000, ABSOLUTE, COMPRESSED[0x00013d18])

    Execution Region ER_IROM1 (Base: 0x08000000, Size: 0x00013b48, Max: 0x00080000, ABSOLUTE)

    Base Addr    Size         Type   Attr      Idx    E Section Name        Object

    0x08000000   0x00000130   Data   RO          442    RESET               startup_stm32f10x_hd.o
    0x08000130   0x00000008   Code   RO          957  * !!!main             c_w.l(__main.o)
    0x08000138   0x00000034   Code   RO         1163    !!!scatter          c_w.l(__scatter.o)
    0x0800016c   0x0000005a   Code   RO         1161    !!dczerorl2         c_w.l(__dczerorl2.o)
    0x080001c6   0x00000002   PAD
    0x080001c8   0x0000001c   Code   RO         1165    !!handler_zi        c_w.l(__scatter_zi.o)
    0x080001e4   0x00000000   Code   RO          946    .ARM.Collect$$_printf_percent$$00000000  c_w.l(_printf_percent.o)
    0x080001e4   0x00000006   Code   RO          944    .ARM.Collect$$_printf_percent$$00000009  c_w.l(_printf_d.o)
    0x080001ea   0x00000006   Code   RO          945    .ARM.Collect$$_printf_percent$$0000000A  c_w.l(_printf_u.o)
    0x080001f0   0x00000006   Code   RO          943    .ARM.Collect$$_printf_percent$$0000000C  c_w.l(_printf_x.o)
    0x080001f6   0x00000006   Code   RO          941    .ARM.Collect$$_printf_percent$$00000013  c_w.l(_printf_c.o)
    0x080001fc   0x00000006   Code   RO          942    .ARM.Collect$$_printf_percent$$00000014  c_w.l(_printf_s.o)
    0x08000202   0x00000004   Code   RO         1000    .ARM.Collect$$_printf_percent$$00000017  c_w.l(_printf_percent_end.o)
    0x08000206   0x00000002   Code   RO         1038    .ARM.Collect$$libinit$$00000000  c_w.l(libinit.o)
    0x08000208   0x00000000   Code   RO         1045    .ARM.Collect$$libinit$$00000002  c_w.l(libinit2.o)
    0x08000208   0x00000000   Code   RO         1048    .ARM.Collect$$libinit$$00000008  c_w.l(libinit2.o)
    0x08000208   0x00000000   Code   RO         1050    .ARM.Collect$$libinit$$0000000A  c_w.l(libinit2.o)
    0x08000208   0x00000000   Code   RO         1052    .ARM.Collect$$libinit$$0000000C  c_w.l(libinit2.o)
    0x08000208   0x00000000   Code   RO         1055    .ARM.Collect$$libinit$$0000000F  c_w.l(libinit2.o)
    0x08000208   0x00000000   Code   RO         1057    .ARM.Collect$$libinit$$00000011  c_w.l(libinit2.o)
    0x08000208   0x00000000   Code   RO         1059    .ARM.Collect$$libinit$$00000013  c_w.l(libinit2.o)
    0x08000208   0x00000000   Code   RO         1061    .ARM.Collect$$libinit$$00000015  c_w.l(libinit2.o)
    0x08000208   0x00000000   Code   RO         1063    .ARM.Collect$$libinit$$00000017  c_w.l(libinit2.o)
    0x08000208   0x00000000   Code   RO         1065    .ARM.Collect$$libinit$$00000019  c_w.l(libinit2.o)
    0x08000208   0x00000000   Code   RO         1067    .ARM.Collect$$libinit$$0000001B  c_w.l(libinit2.o)
    0x08000208   0x00000000   Code   RO         1069    .ARM.Collect$$libinit$$0000001D  c_w.l(libinit2.o)
    0x08000208   0x00000000   Code   RO         1071    .ARM.Collect$$libinit$$0000001F  c_w.l(libinit2.o)
    0x08000208   0x00000000   Code   RO         1073    .ARM.Collect$$libinit$$00000021  c_w.l(libinit2.o)
    0x08000208   0x00000000   Code   RO         1075    .ARM.Collect$$libinit$$00000023  c_w.l(libinit2.o)
    0x08000208   0x00000000   Code   RO         1079    .ARM.Collect$$libinit$$0000002A  c_w.l(libinit2.o)
    0x08000208   0x00000000   Code   RO         1081    .ARM.Collect$$libinit$$0000002C  c_w.l(libinit2.o)
    0x08000208   0x00000000   Code   RO         1083    .ARM.Collect$$libinit$$0000002E  c_w.l(libinit2.o)
    0x08000208   0x00000000   Code   RO         1085    .ARM.Collect$$libinit$$00000030  c_w.l(libinit2.o)
    0x08000208   0x00000002   Code   RO         1086    .ARM.Collect$$libinit$$00000031  c_w.l(libinit2.o)
    0x0800020a   0x00000002   Code   RO         1104    .ARM.Collect$$libshutdown$$00000000  c_w.l(libshutdown.o)
    0x0800020c   0x00000000   Code   RO         1115    .ARM.Collect$$libshutdown$$00000003  c_w.l(libshutdown2.o)
    0x0800020c   0x00000000   Code   RO         1118    .ARM.Collect$$libshutdown$$00000006  c_w.l(libshutdown2.o)
    0x0800020c   0x00000000   Code   RO         1121    .ARM.Collect$$libshutdown$$00000009  c_w.l(libshutdown2.o)
    0x0800020c   0x00000000   Code   RO         1123    .ARM.Collect$$libshutdown$$0000000B  c_w.l(libshutdown2.o)
    0x0800020c   0x00000000   Code   RO         1126    .ARM.Collect$$libshutdown$$0000000E  c_w.l(libshutdown2.o)
    0x0800020c   0x00000002   Code   RO         1127    .ARM.Collect$$libshutdown$$0000000F  c_w.l(libshutdown2.o)
    0x0800020e   0x00000000   Code   RO          989    .ARM.Collect$$rtentry$$00000000  c_w.l(rtentry.o)
    0x0800020e   0x00000000   Code   RO         1009    .ARM.Collect$$rtentry$$00000002  c_w.l(rtentry2.o)
    0x0800020e   0x00000006   Code   RO         1021    .ARM.Collect$$rtentry$$00000004  c_w.l(rtentry4.o)
    0x08000214   0x00000000   Code   RO         1011    .ARM.Collect$$rtentry$$00000009  c_w.l(rtentry2.o)
    0x08000214   0x00000004   Code   RO         1012    .ARM.Collect$$rtentry$$0000000A  c_w.l(rtentry2.o)
    0x08000218   0x00000000   Code   RO         1014    .ARM.Collect$$rtentry$$0000000C  c_w.l(rtentry2.o)
    0x08000218   0x00000008   Code   RO         1015    .ARM.Collect$$rtentry$$0000000D  c_w.l(rtentry2.o)
    0x08000220   0x00000002   Code   RO         1042    .ARM.Collect$$rtexit$$00000000  c_w.l(rtexit.o)
    0x08000222   0x00000000   Code   RO         1088    .ARM.Collect$$rtexit$$00000002  c_w.l(rtexit2.o)
    0x08000222   0x00000004   Code   RO         1089    .ARM.Collect$$rtexit$$00000003  c_w.l(rtexit2.o)
    0x08000226   0x00000006   Code   RO         1090    .ARM.Collect$$rtexit$$00000004  c_w.l(rtexit2.o)
    0x0800022c   0x000002a4   Code   RO            1    .text               main.o
    0x080004d0   0x0000001a   Code   RO          162    .text               stm32f10x_it.o
    0x080004ea   0x00000002   PAD
    0x080004ec   0x000001dc   Code   RO          197    .text               system_stm32f10x.o
    0x080006c8   0x0000004c   Code   RO          215    .text               led.o
    0x08000714   0x000000fc   Code   RO          227    .text               key.o
    0x08000810   0x0000026c   Code   RO          240    .text               tpad.o
    0x08000a7c   0x0000481a   Code   RO          262    .text               lcd.o
    0x08005296   0x00000002   PAD
    0x08005298   0x00000204   Code   RO          285    .text               spi.o
    0x0800549c   0x00000398   Code   RO          300    .text               flash.o
    0x08005834   0x00000564   Code   RO          331    .text               mmc_sd.o
    0x08005d98   0x0000073c   Code   RO          349    .text               vs10xx.o
    0x080064d4   0x00000058   Code   RO          368    .text               audiosel.o
    0x0800652c   0x000000d0   Code   RO          380    .text               delay.o
    0x080065fc   0x0000000c   Code   RO          394    .text               sys.o
    0x08006608   0x00000140   Code   RO          406    .text               usart.o
    0x08006748   0x00000040   Code   RO          443    .text               startup_stm32f10x_hd.o
    0x08006788   0x000000dc   Code   RO          447    .text               misc.o
    0x08006864   0x00000618   Code   RO          459    .text               stm32f10x_fsmc.o
    0x08006e7c   0x00000358   Code   RO          471    .text               stm32f10x_gpio.o
    0x080071d4   0x000003a4   Code   RO          498    .text               stm32f10x_rcc.o
    0x08007578   0x0000030c   Code   RO          512    .text               stm32f10x_spi.o
    0x08007884   0x00000e1a   Code   RO          524    .text               stm32f10x_tim.o
    0x0800869e   0x00000002   PAD
    0x080086a0   0x00000408   Code   RO          536    .text               stm32f10x_usart.o
    0x08008aa8   0x00000230   Code   RO          548    .text               malloc.o
    0x08008cd8   0x00000208   Code   RO          570    .text               diskio.o
    0x08008ee0   0x00003136   Code   RO          592    .text               ff.o
    0x0800c016   0x00000002   PAD
    0x0800c018   0x000001a4   Code   RO          613    .text               exfuns.o
    0x0800c1bc   0x000005d8   Code   RO          640    .text               fattester.o
    0x0800c794   0x000000cc   Code   RO          659    .text               mycc936.o
    0x0800c860   0x00000c34   Code   RO          672    .text               usmart.o
    0x0800d494   0x00000528   Code   RO          704    .text               usmart_str.o
    0x0800d9bc   0x00000374   Code   RO          716    .text               fontupd.o
    0x0800dd30   0x000002c0   Code   RO          736    .text               text.o
    0x0800dff0   0x00000874   Code   RO          748    .text               bmp.o
    0x0800e864   0x00000de0   Code   RO          760    .text               gif.o
    0x0800f644   0x000002c4   Code   RO          779    .text               piclib.o
    0x0800f908   0x000012b4   Code   RO          797    .text               tjpgd.o
    0x08010bbc   0x00000754   Code   RO          849    .text               recorder.o
    0x08011310   0x00000174   Code   RO          865    .text               tea.o
    0x08011484   0x00000002   Code   RO          882    .text               c_w.l(use_no_semi_2.o)
    0x08011486   0x00000002   PAD
    0x08011488   0x00000018   Code   RO          888    .text               c_w.l(noretval__2printf.o)
    0x080114a0   0x00000028   Code   RO          890    .text               c_w.l(noretval__2sprintf.o)
    0x080114c8   0x00000052   Code   RO          894    .text               c_w.l(_printf_pad.o)
    0x0801151a   0x00000052   Code   RO          896    .text               c_w.l(_printf_str.o)
    0x0801156c   0x00000078   Code   RO          898    .text               c_w.l(_printf_dec.o)
    0x080115e4   0x0000005c   Code   RO          903    .text               c_w.l(_printf_hex_int.o)
    0x08011640   0x0000018c   Code   RO          938    .text               c_w.l(__printf_flags_ss_wp.o)
    0x080117cc   0x00000048   Code   RO          947    .text               c_w.l(strcpy.o)
    0x08011814   0x0000003e   Code   RO          949    .text               c_w.l(strlen.o)
    0x08011852   0x00000002   PAD
    0x08011854   0x00000080   Code   RO          953    .text               c_w.l(strcmpv7m.o)
    0x080118d4   0x00000006   Code   RO          955    .text               c_w.l(heapauxi.o)
    0x080118da   0x00000002   Code   RO          987    .text               c_w.l(use_no_semi.o)
    0x080118dc   0x000000b8   Code   RO          990    .text               c_w.l(_printf_intcommon.o)
    0x08011994   0x00000030   Code   RO          992    .text               c_w.l(_printf_char_common.o)
    0x080119c4   0x0000000a   Code   RO          994    .text               c_w.l(_sputc.o)
    0x080119ce   0x0000002c   Code   RO          996    .text               c_w.l(_printf_char.o)
    0x080119fa   0x00000002   PAD
    0x080119fc   0x00000024   Code   RO          998    .text               c_w.l(_printf_char_file.o)
    0x08011a20   0x00000008   Code   RO         1025    .text               c_w.l(ferror.o)
    0x08011a28   0x0000004a   Code   RO         1029    .text               c_w.l(sys_stackheap_outer.o)
    0x08011a72   0x0000000c   Code   RO         1031    .text               c_w.l(exit.o)
    0x08011a7e   0x00000002   PAD
    0x08011a80   0x00000008   Code   RO         1039    .text               c_w.l(libspace.o)
    0x08011a88   0x0000000e   Code   RO          931    i._is_digit         c_w.l(__printf_wp.o)
    0x08011a96   0x00000002   PAD
    0x08011a98   0x000000c4   Code   RO          959    x$fpl$fadd          fz_ws.l(faddsub_clz.o)
    0x08011b5c   0x00000018   Code   RO         1001    x$fpl$fcmpinf       fz_ws.l(fcmpi.o)
    0x08011b74   0x00000184   Code   RO          966    x$fpl$fdiv          fz_ws.l(fdiv.o)
    0x08011cf8   0x00000068   Code   RO          969    x$fpl$feqf          fz_ws.l(feqf.o)
    0x08011d60   0x0000003e   Code   RO          971    x$fpl$ffixu         fz_ws.l(ffixu.o)
    0x08011d9e   0x00000002   PAD
    0x08011da0   0x00000026   Code   RO          975    x$fpl$ffltu         fz_ws.l(fflt_clz.o)
    0x08011dc6   0x00000002   PAD
    0x08011dc8   0x00000068   Code   RO          981    x$fpl$fleqf         fz_ws.l(fleqf.o)
    0x08011e30   0x00000102   Code   RO          983    x$fpl$fmul          fz_ws.l(fmul.o)
    0x08011f32   0x0000008c   Code   RO         1003    x$fpl$fnaninf       fz_ws.l(fnaninf.o)
    0x08011fbe   0x0000000a   Code   RO         1005    x$fpl$fretinf       fz_ws.l(fretinf.o)
    0x08011fc8   0x00000062   Code   RO          985    x$fpl$frleqf        fz_ws.l(frleqf.o)
    0x0801202a   0x00000002   PAD
    0x0801202c   0x000000ea   Code   RO          961    x$fpl$fsub          fz_ws.l(faddsub_clz.o)
    0x08012116   0x00000000   Code   RO         1007    x$fpl$usenofp       fz_ws.l(usenofp.o)
    0x08012116   0x00000a64   Data   RO          264    .constdata          lcd.o
    0x08012b7a   0x00000040   Data   RO          350    .constdata          vs10xx.o
    0x08012bba   0x00000002   PAD
    0x08012bbc   0x00000018   Data   RO          552    .constdata          malloc.o
    0x08012bd4   0x0000003a   Data   RO          593    .constdata          ff.o
    0x08012c0e   0x000003c0   Data   RO          660    .constdata          mycc936.o
    0x08012fce   0x00000028   Data   RO          761    .constdata          gif.o
    0x08012ff6   0x000004c0   Data   RO          798    .constdata          tjpgd.o
    0x080134b6   0x00000050   Data   RO          850    .constdata          recorder.o
    0x08013506   0x00000028   Data   RO          904    .constdata          c_w.l(_printf_hex_int.o)
    0x0801352e   0x00000011   Data   RO          939    .constdata          c_w.l(__printf_flags_ss_wp.o)
    0x0801353f   0x00000054   Data   RO          615    .conststring        exfuns.o
    0x08013593   0x0000001f   Data   RO          673    .conststring        usmart.o
    0x080135b2   0x000004dd   Data   RO          688    .conststring        usmart_config.o
    0x08013a8f   0x00000098   Data   RO          718    .conststring        fontupd.o
    0x08013b27   0x00000001   PAD
    0x08013b28   0x00000020   Data   RO         1159    Region$$Table       anon$$obj.o


    Execution Region RW_IRAM1 (Base: 0x20000000, Size: 0x0000c618, Max: 0x00010000, ABSOLUTE, COMPRESSED[0x000001d0])

    Base Addr    Size         Type   Attr      Idx    E Section Name        Object

    0x20000000   0x00000014   Data   RW          198    .data               system_stm32f10x.o
    0x20000014   0x00000001   Data   RW          228    .data               key.o
    0x20000015   0x00000001   PAD
    0x20000016   0x00000003   Data   RW          241    .data               tpad.o
    0x20000019   0x00000001   PAD
    0x2000001a   0x00000004   Data   RW          265    .data               lcd.o
    0x2000001e   0x00000002   Data   RW          302    .data               flash.o
    0x20000020   0x00000001   Data   RW          332    .data               mmc_sd.o
    0x20000021   0x00000007   Data   RW          351    .data               vs10xx.o
    0x20000028   0x00000004   Data   RW          381    .data               delay.o
    0x2000002c   0x00000008   Data   RW          408    .data               usart.o
    0x20000034   0x00000014   Data   RW          499    .data               stm32f10x_rcc.o
    0x20000048   0x0000001c   Data   RW          553    .data               malloc.o
    0x20000064   0x00000002   Data   RW          571    .data               diskio.o
    0x20000066   0x00000002   PAD
    0x20000068   0x0000000b   Data   RW          594    .data               ff.o
    0x20000073   0x00000001   PAD
    0x20000074   0x00000154   Data   RW          616    .data               exfuns.o
    0x200001c8   0x0000001c   Data   RW          674    .data               usmart.o
    0x200001e4   0x0000021c   Data   RW          689    .data               usmart_config.o
    0x20000400   0x0000001c   Data   RW          719    .data               fontupd.o
    0x2000041c   0x00000001   Data   RW          762    .data               gif.o
    0x2000041d   0x00000003   PAD
    0x20000420   0x0000000c   Data   RW          799    .data               tjpgd.o
    0x2000042c   0x00000010   Data   RW          866    .data               tea.o
    0x2000043c   0x0000000e   Zero   RW          263    .bss                lcd.o
    0x2000044a   0x00001000   Zero   RW          301    .bss                flash.o
    0x2000144a   0x000000c8   Zero   RW          407    .bss                usart.o
    0x20001512   0x00000002   PAD
    0x20001514   0x0000aa00   Zero   RW          551    .bss                malloc.o
    0x2000bf14   0x00000044   Zero   RW          614    .bss                exfuns.o
    0x2000bf58   0x00000019   Zero   RW          717    .bss                fontupd.o
    0x2000bf71   0x00000003   PAD
    0x2000bf74   0x00000044   Zero   RW          780    .bss                piclib.o
    0x2000bfb8   0x00000060   Zero   RW         1040    .bss                c_w.l(libspace.o)
    0x2000c018   0x00000200   Zero   RW          441    HEAP                startup_stm32f10x_hd.o
    0x2000c218   0x00000400   Zero   RW          440    STACK               startup_stm32f10x_hd.o



  Load Region LR$$.ARM.__AT_0x68000000 (Base: 0x68000000, Size: 0x00000000, Max: 0x00030000, ABSOLUTE)

    Execution Region ER$$.ARM.__AT_0x68000000 (Base: 0x68000000, Size: 0x00030000, Max: 0x00030000, ABSOLUTE, UNINIT)

    Base Addr    Size         Type   Attr      Idx    E Section Name        Object

    0x68000000   0x00030000   Zero   RW          549    .ARM.__AT_0x68000000  malloc.o



  Load Region LR$$.ARM.__AT_0x68030000 (Base: 0x68030000, Size: 0x00000000, Max: 0x00003000, ABSOLUTE)

    Execution Region ER$$.ARM.__AT_0x68030000 (Base: 0x68030000, Size: 0x00003000, Max: 0x00003000, ABSOLUTE, UNINIT)

    Base Addr    Size         Type   Attr      Idx    E Section Name        Object

    0x68030000   0x00003000   Zero   RW          550    .ARM.__AT_0x68030000  malloc.o


==============================================================================

Image component sizes


      Code (inc. data)   RO Data    RW Data    ZI Data      Debug   Object Name

        88         16          0          0          0        653   audiosel.o
      2164         20          0          0          0       4966   bmp.o
         0          0          0          0          0         32   core_cm3.o
       208         18          0          4          0        911   delay.o
       520         14          0          2          0       3954   diskio.o
       420         22         84        340         68       2440   exfuns.o
      1496        556          0          0          0       4824   fattester.o
     12598        128         58         11          0      34735   ff.o
       920         30          0          2       4096       4201   flash.o
       884        114        152         28         25       3312   fontupd.o
      3552         24         40          1          0       9550   gif.o
       252         12          0          1          0        776   key.o
     18458        144       2660          4         14      21595   lcd.o
        76          8          0          0          0        443   led.o
       676        230          0          0          0     271999   main.o
       560         18         24         28     252416       4292   malloc.o
       220         20          0          0          0       1689   misc.o
      1380         26          0          1          0       5518   mmc_sd.o
       204         12        960          0          0       1469   mycc936.o
       708         40          0          0         68       3652   piclib.o
      1876        172         80          0          0       3640   recorder.o
       516         18          0          0          0       1780   spi.o
        64         26        304          0       1536        740   startup_stm32f10x_hd.o
      1560         54          0          0          0       5235   stm32f10x_fsmc.o
       856         40          0          0          0       5537   stm32f10x_gpio.o
        26          0          0          0          0       1126   stm32f10x_it.o
       932         44          0         20          0       8656   stm32f10x_rcc.o
       780         14          0          0          0       6418   stm32f10x_spi.o
      3610         88          0          0          0      22020   stm32f10x_tim.o
      1032         22          0          0          0       8260   stm32f10x_usart.o
        12          0          0          0          0        397   sys.o
       476         36          0         20          0       1575   system_stm32f10x.o
       372          8          0         16          0       2153   tea.o
       704         12          0          0          0       2800   text.o
      4788         68       1216         12          0      16663   tjpgd.o
       620         48          0          3          0       2255   tpad.o
       320         18          0          8        200       2942   usart.o
      3124       1284         31         28          0       4058   usmart.o
         0          0       1245        540          0       1616   usmart_config.o
      1320         12          0          0          0       4929   usmart_str.o
      1852         54         64          7          0       7545   vs10xx.o

    ----------------------------------------------------------------------
     70232       3470       6953       1084     258428     491356   Object Totals
         0          0         32          0          0          0   (incl. Generated)
         8          0          3          8          5          0   (incl. Padding)

    ----------------------------------------------------------------------

      Code (inc. data)   RO Data    RW Data    ZI Data      Debug   Library Member Name

        90          0          0          0          0          0   __dczerorl2.o
         8          0          0          0          0         68   __main.o
       396          6         17          0          0         92   __printf_flags_ss_wp.o
        14          0          0          0          0         68   __printf_wp.o
        52          8          0          0          0          0   __scatter.o
        28          0          0          0          0          0   __scatter_zi.o
         6          0          0          0          0          0   _printf_c.o
        44          0          0          0          0        108   _printf_char.o
        48          6          0          0          0         96   _printf_char_common.o
        36          4          0          0          0         80   _printf_char_file.o
         6          0          0          0          0          0   _printf_d.o
       120         18          0          0          0         92   _printf_dec.o
        92          4         40          0          0         88   _printf_hex_int.o
       184          0          0          0          0         88   _printf_intcommon.o
        82          0          0          0          0        108   _printf_pad.o
         0          0          0          0          0          0   _printf_percent.o
         4          0          0          0          0          0   _printf_percent_end.o
         6          0          0          0          0          0   _printf_s.o
        82          0          0          0          0         80   _printf_str.o
         6          0          0          0          0          0   _printf_u.o
         6          0          0          0          0          0   _printf_x.o
        10          0          0          0          0         68   _sputc.o
        12          0          0          0          0         72   exit.o
         8          0          0          0          0         68   ferror.o
         6          0          0          0          0        152   heapauxi.o
         2          0          0          0          0          0   libinit.o
         2          0          0          0          0          0   libinit2.o
         2          0          0          0          0          0   libshutdown.o
         2          0          0          0          0          0   libshutdown2.o
         8          4          0          0         96         68   libspace.o
        24          4          0          0          0         84   noretval__2printf.o
        40          6          0          0          0         84   noretval__2sprintf.o
         0          0          0          0          0          0   rtentry.o
        12          0          0          0          0          0   rtentry2.o
         6          0          0          0          0          0   rtentry4.o
         2          0          0          0          0          0   rtexit.o
        10          0          0          0          0          0   rtexit2.o
       128          0          0          0          0         68   strcmpv7m.o
        72          0          0          0          0         80   strcpy.o
        62          0          0          0          0         76   strlen.o
        74          0          0          0          0         80   sys_stackheap_outer.o
         2          0          0          0          0         68   use_no_semi.o
         2          0          0          0          0         68   use_no_semi_2.o
       430          8          0          0          0        168   faddsub_clz.o
        24          0          0          0          0         68   fcmpi.o
       388         76          0          0          0         96   fdiv.o
       104          4          0          0          0         84   feqf.o
        62          4          0          0          0         84   ffixu.o
        38          0          0          0          0         68   fflt_clz.o
       104          4          0          0          0         84   fleqf.o
       258          4          0          0          0         84   fmul.o
       140          4          0          0          0         84   fnaninf.o
        10          0          0          0          0         68   fretinf.o
        98          0          0          0          0         68   frleqf.o
         0          0          0          0          0          0   usenofp.o

    ----------------------------------------------------------------------
      3470        164         57          0         96       2960   Library Totals
        18          0          0          0          0          0   (incl. Padding)

    ----------------------------------------------------------------------

      Code (inc. data)   RO Data    RW Data    ZI Data      Debug   Library Name

      1796         60         57          0         96       2004   c_w.l
      1656        104          0          0          0        956   fz_ws.l

    ----------------------------------------------------------------------
      3470        164         57          0         96       2960   Library Totals

    ----------------------------------------------------------------------

==============================================================================


      Code (inc. data)   RO Data    RW Data    ZI Data      Debug   

     73702       3634       7010       1084     258524     489116   Grand Totals
     73702       3634       7010        464     258524     489116   ELF Image Totals (compressed)
     73702       3634       7010        464          0          0   ROM Totals

==============================================================================

    Total RO  Size (Code + RO Data)                80712 (  78.82kB)
    Total RW  Size (RW Data + ZI Data)            259608 ( 253.52kB)
    Total ROM Size (Code + RO Data + RW Data)      81176 (  79.27kB)

==============================================================================

